
D:\ProjectsLocal\C++Test>if "3" NEQ "" (
 
 set  1>C:\Users\Shtekata\AppData\Local\Temp\dd_vsdevcmd17_preinit_env.log 
) 
[DEBUG:VsDevCmd] Writing pre-initialization environment to C:\Users\Shtekata\AppData\Local\Temp\dd_vsdevcmd17_preinit_env.log

D:\ProjectsLocal\C++Test>if "3" GEQ "2" (
 
 set 
 
) 
[DEBUG:VsDevCmd.bat] --------------------- VS Developer Command Prompt Environment [pre-init] ---------------------
ALLUSERSPROFILE=C:\ProgramData
APPDATA=C:\Users\Shtekata\AppData\Roaming
ChocolateyInstall=C:\ProgramData\chocolatey
ChocolateyLastPathUpdate=133671948117770675
CommandPromptType=Native
CommonProgramFiles=C:\Program Files\Common Files
CommonProgramFiles(x86)=C:\Program Files (x86)\Common Files
CommonProgramW6432=C:\Program Files\Common Files
COMPLUS_FusionEnableForcedFullClosureWalk=1
COMPlus_ThreadPool_UsePortableThreadPool=0
COMPUTERNAME=SHTEKATA
ComSpec=C:\WINDOWS\system32\cmd.exe
DevEnvDir=C:\Program Files\Microsoft Visual Studio\2022\Preview\Common7\IDE\
DOTNET_MULTILEVEL_LOOKUP=0
DOTNET_STARTUP_HOOKS=
DOTNET_TC_CallCountThreshold=1000
DriverData=C:\Windows\System32\Drivers\DriverData
EFC_9660=1
ExtensionSdkDir=C:\Program Files (x86)\Microsoft SDKs\Windows Kits\10\ExtensionSDKs
EXTERNAL_INCLUDE=C:\Program Files\Microsoft Visual Studio\2022\Preview\VC\Tools\MSVC\14.42.34430\include;C:\Program Files\Microsoft Visual Studio\2022\Preview\VC\Tools\MSVC\14.42.34430\ATLMFC\include;C:\Program Files\Microsoft Visual Studio\2022\Preview\VC\Auxiliary\VS\include;C:\Program Files (x86)\Windows Kits\10\include\10.0.22621.0\ucrt;C:\Program Files (x86)\Windows Kits\10\\include\10.0.22621.0\\um;C:\Program Files (x86)\Windows Kits\10\\include\10.0.22621.0\\shared;C:\Program Files (x86)\Windows Kits\10\\include\10.0.22621.0\\winrt;C:\Program Files (x86)\Windows Kits\10\\include\10.0.22621.0\\cppwinrt;C:\Program Files (x86)\Windows Kits\NETFXSDK\4.8\include\um
FPS_BROWSER_APP_PROFILE_STRING=Internet Explorer
FPS_BROWSER_USER_PROFILE_STRING=Default
Framework40Version=v4.0
FrameworkDir=C:\Windows\Microsoft.NET\Framework\
FrameworkDir32=C:\Windows\Microsoft.NET\Framework\
FrameworkVersion=v4.0.30319
FrameworkVersion32=v4.0.30319
HOMEDRIVE=C:
HOMEPATH=\Users\Shtekata
INCLUDE=C:\Program Files\Microsoft Visual Studio\2022\Preview\VC\Tools\MSVC\14.42.34430\include;C:\Program Files\Microsoft Visual Studio\2022\Preview\VC\Tools\MSVC\14.42.34430\ATLMFC\include;C:\Program Files\Microsoft Visual Studio\2022\Preview\VC\Auxiliary\VS\include;C:\Program Files (x86)\Windows Kits\10\include\10.0.22621.0\ucrt;C:\Program Files (x86)\Windows Kits\10\\include\10.0.22621.0\\um;C:\Program Files (x86)\Windows Kits\10\\include\10.0.22621.0\\shared;C:\Program Files (x86)\Windows Kits\10\\include\10.0.22621.0\\winrt;C:\Program Files (x86)\Windows Kits\10\\include\10.0.22621.0\\cppwinrt;C:\Program Files (x86)\Windows Kits\NETFXSDK\4.8\include\um
LIB=C:\Program Files\Microsoft Visual Studio\2022\Preview\VC\Tools\MSVC\14.42.34430\ATLMFC\lib\x86;C:\Program Files\Microsoft Visual Studio\2022\Preview\VC\Tools\MSVC\14.42.34430\lib\x86;C:\Program Files (x86)\Windows Kits\NETFXSDK\4.8\lib\um\x86;C:\Program Files (x86)\Windows Kits\10\lib\10.0.22621.0\ucrt\x86;C:\Program Files (x86)\Windows Kits\10\\lib\10.0.22621.0\\um\x86
LIBPATH=C:\Program Files\Microsoft Visual Studio\2022\Preview\VC\Tools\MSVC\14.42.34430\ATLMFC\lib\x86;C:\Program Files\Microsoft Visual Studio\2022\Preview\VC\Tools\MSVC\14.42.34430\lib\x86;C:\Program Files\Microsoft Visual Studio\2022\Preview\VC\Tools\MSVC\14.42.34430\lib\x86\store\references;C:\Program Files (x86)\Windows Kits\10\UnionMetadata\10.0.22621.0;C:\Program Files (x86)\Windows Kits\10\References\10.0.22621.0;C:\Windows\Microsoft.NET\Framework\v4.0.30319
LOCALAPPDATA=C:\Users\Shtekata\AppData\Local
LOGONSERVER=\\SHTEKATA
MSBuildLoadMicrosoftTargetsReadOnly=true
NETFXSDKDir=C:\Program Files (x86)\Windows Kits\NETFXSDK\4.8\
NODE_OPTIONS=
NUMBER_OF_PROCESSORS=12
OneDrive=C:\Users\Shtekata\OneDrive
OneDriveConsumer=C:\Users\Shtekata\OneDrive
OS=Windows_NT
Path=C:\Program Files\Microsoft Visual Studio\2022\Preview\VC\Tools\MSVC\14.42.34430\bin\HostX86\x86;C:\Program Files\Microsoft Visual Studio\2022\Preview\Common7\IDE\VC\VCPackages;C:\Program Files\Microsoft Visual Studio\2022\Preview\Common7\IDE\CommonExtensions\Microsoft\TestWindow;C:\Program Files\Microsoft Visual Studio\2022\Preview\Common7\IDE\CommonExtensions\Microsoft\TeamFoundation\Team Explorer;C:\Program Files\Microsoft Visual Studio\2022\Preview\MSBuild\Current\bin\Roslyn;C:\Program Files (x86)\Microsoft SDKs\Windows\v10.0A\bin\NETFX 4.8 Tools\;C:\Program Files\Microsoft Visual Studio\2022\Preview\Team Tools\DiagnosticsHub\Collector;C:\Program Files (x86)\Windows Kits\10\bin\10.0.22621.0\\x86;C:\Program Files (x86)\Windows Kits\10\bin\\x86;C:\Program Files\Microsoft Visual Studio\2022\Preview\\MSBuild\Current\Bin\amd64;C:\Windows\Microsoft.NET\Framework\v4.0.30319;C:\Program Files\Microsoft Visual Studio\2022\Preview\Common7\IDE\;C:\Program Files\Microsoft Visual Studio\2022\Preview\Common7\Tools\;C:\Python312\Scripts\;C:\Python312\;C:\WINDOWS\system32;C:\WINDOWS;C:\WINDOWS\System32\Wbem;C:\WINDOWS\System32\WindowsPowerShell\v1.0\;C:\WINDOWS\System32\OpenSSH\;C:\ProgramData\chocolatey\bin;C:\Program Files\Microsoft SQL Server\150\Tools\Binn\;C:\Program Files\Microsoft SQL Server\Client SDK\ODBC\170\Tools\Binn\;C:\Program Files\dotnet\;C:\Tools\zstd-v1.5.6-win64;C:\Program Files\nodejs\;C:\Program Files\PostgreSQL\16\bin;C:\Program Files\Git\cmd;C:\Program Files\Git\mingw64\bin;C:\Program Files (x86)\Windows Kits\10\Windows Performance Toolkit\;C:\Users\Shtekata\AppData\Local\pnpm;C:\Users\Shtekata\AppData\Local\Microsoft\WindowsApps;C:\Users\Shtekata\.dotnet\tools;C:\Users\Shtekata\AppData\Local\Programs\Microsoft VS Code\bin;C:\Program Files (x86)\Nmap;C:\Users\Shtekata\AppData\Roaming\npm;;C:\Program Files\Microsoft Visual Studio\2022\Preview\Common7\IDE\CommonExtensions\Microsoft\CMake\CMake\bin;C:\Program Files\Microsoft Visual Studio\2022\Preview\Common7\IDE\CommonExtensions\Microsoft\CMake\Ninja;C:\Program Files\Microsoft Visual Studio\2022\Preview\Common7\IDE\VC\Linux\bin\ConnectionManagerExe;C:\Program Files\Microsoft Visual Studio\2022\Preview\VC\vcpkg
PATHEXT=.COM;.EXE;.BAT;.CMD;.VBS;.VBE;.JS;.JSE;.WSF;.WSH;.MSC;.PY;.PYW;.CPL
PkgDefApplicationConfigFile=C:\Users\Shtekata\AppData\Local\Microsoft\VisualStudio\17.0_76528ddf\devenv.exe.config
PNPM_HOME=C:\Users\Shtekata\AppData\Local\pnpm
PROCESSOR_ARCHITECTURE=AMD64
PROCESSOR_IDENTIFIER=AMD64 Family 25 Model 68 Stepping 1, AuthenticAMD
PROCESSOR_LEVEL=25
PROCESSOR_REVISION=4401
ProgramData=C:\ProgramData
ProgramFiles=C:\Program Files
ProgramFiles(x86)=C:\Program Files (x86)
ProgramW6432=C:\Program Files
PROMPT=$P$G
PSModulePath=C:\Users\Shtekata\Documents\WindowsPowerShell\Modules;C:\Program Files\WindowsPowerShell\Modules;C:\WINDOWS\system32\WindowsPowerShell\v1.0\Modules
PUBLIC=C:\Users\Public
ServiceHubClientProcessVersion=17.12.35410.144 built by: d17.12
ServiceHubCurrentOsLocale=bg-BG
ServiceHubLocationServicePipeName=31a0ddba7c070a86e837fbb53dfaba9547f02e85ba21d90bba143a98ddfb9da8
ServiceHubLogSessionKey=5B95860B
SESSIONNAME=Console
SystemDrive=C:
SystemRoot=C:\WINDOWS
TEMP=C:\Users\Shtekata\AppData\Local\Temp
ThreadedWaitDialogDpiContext=-4
TMP=C:\Users\Shtekata\AppData\Local\Temp
UCRTVersion=10.0.22621.0
UniversalCRTSdkDir=C:\Program Files (x86)\Windows Kits\10\
USERDOMAIN=SHTEKATA
USERDOMAIN_ROAMINGPROFILE=SHTEKATA
USERNAME=Shtekata
USERPROFILE=C:\Users\Shtekata
VCIDEInstallDir=C:\Program Files\Microsoft Visual Studio\2022\Preview\Common7\IDE\VC\
VCINSTALLDIR=C:\Program Files\Microsoft Visual Studio\2022\Preview\VC\
VCPKG_ROOT=C:\Program Files\Microsoft Visual Studio\2022\Preview\VC\vcpkg
VCToolsInstallDir=C:\Program Files\Microsoft Visual Studio\2022\Preview\VC\Tools\MSVC\14.42.34430\
VCToolsRedistDir=C:\Program Files\Microsoft Visual Studio\2022\Preview\VC\Redist\MSVC\14.42.34430\
VCToolsVersion=14.42.34430
VisualStudioDir=C:\Users\Shtekata\Documents\Visual Studio 2022
VisualStudioEdition=Microsoft Visual Studio Community 2022
VisualStudioVersion=17.0
VS170COMNTOOLS=C:\Program Files\Microsoft Visual Studio\2022\Preview\Common7\Tools\
VSAPPIDDIR=C:\Program Files\Microsoft Visual Studio\2022\Preview\Common7\IDE\
VSAPPIDNAME=devenv.exe
VSCMD_ARG_app_plat=Desktop
VSCMD_ARG_HOST_ARCH=x86
VSCMD_ARG_TGT_ARCH=x86
vscmd_debug=3
VSCMD_VER=17.12.0-pre.3.0
VSINSTALLDIR=C:\Program Files\Microsoft Visual Studio\2022\Preview\
VSLANG=1033
VsPerMonitorDpiAwarenessEnabled.13452=TRUE
VSSKUEDITION=Community
VS_Perf_Session_GCHeapCount=2
WEBVIEW2_DEFAULT_BACKGROUND_COLOR=ffffff
windir=C:\WINDOWS
WindowsLibPath=C:\Program Files (x86)\Windows Kits\10\UnionMetadata\10.0.22621.0;C:\Program Files (x86)\Windows Kits\10\References\10.0.22621.0
WindowsSdkBinPath=C:\Program Files (x86)\Windows Kits\10\bin\
WindowsSdkDir=C:\Program Files (x86)\Windows Kits\10\
WindowsSDKLibVersion=10.0.22621.0\
WindowsSdkVerBinPath=C:\Program Files (x86)\Windows Kits\10\bin\10.0.22621.0\
WindowsSDKVersion=10.0.22621.0\
WindowsSDK_ExecutablePath_x64=C:\Program Files (x86)\Microsoft SDKs\Windows\v10.0A\bin\NETFX 4.8 Tools\x64\
WindowsSDK_ExecutablePath_x86=C:\Program Files (x86)\Microsoft SDKs\Windows\v10.0A\bin\NETFX 4.8 Tools\
__DOTNET_ADD_32BIT=1
__DOTNET_PREFERRED_BITNESS=32
__VSCMD_PREINIT_PATH=C:\Python312\Scripts\;C:\Python312\;C:\WINDOWS\system32;C:\WINDOWS;C:\WINDOWS\System32\Wbem;C:\WINDOWS\System32\WindowsPowerShell\v1.0\;C:\WINDOWS\System32\OpenSSH\;C:\ProgramData\chocolatey\bin;C:\Program Files\Microsoft SQL Server\150\Tools\Binn\;C:\Program Files\Microsoft SQL Server\Client SDK\ODBC\170\Tools\Binn\;C:\Program Files\dotnet\;C:\Tools\zstd-v1.5.6-win64;C:\Program Files\nodejs\;C:\Program Files\PostgreSQL\16\bin;C:\Program Files\Git\cmd;C:\Program Files\Git\mingw64\bin;C:\Program Files (x86)\Windows Kits\10\Windows Performance Toolkit\;C:\Users\Shtekata\AppData\Local\pnpm;C:\Users\Shtekata\AppData\Local\Microsoft\WindowsApps;C:\Users\Shtekata\.dotnet\tools;C:\Users\Shtekata\AppData\Local\Programs\Microsoft VS Code\bin;C:\Program Files (x86)\Nmap;C:\Users\Shtekata\AppData\Roaming\npm;
[DEBUG:VsDevCmd.bat] --------------------- VS Developer Command Prompt Environment [pre-init] ---------------------

D:\ProjectsLocal\C++Test>set __vscmd_vsdevcmd_errcount=0 

D:\ProjectsLocal\C++Test>set "__VSCMD_ARGS_LIST=" 

D:\ProjectsLocal\C++Test>call "C:\Program Files\Microsoft Visual Studio\2022\Preview\Common7\Tools\vsdevcmd\core\vsdevcmd_start.bat" 

D:\ProjectsLocal\C++Test>if "3" GEQ "1" 
[DEBUG:core\vsdevcmd_start] initializing with arguments ''

D:\ProjectsLocal\C++Test>call "C:\Program Files\Microsoft Visual Studio\2022\Preview\Common7\Tools\vsdevcmd\core\parse_cmd.bat"  

D:\ProjectsLocal\C++Test>if "3" GEQ "1" 
[DEBUG:core\parse_cmd.bat] initializaing with arguments ''

D:\ProjectsLocal\C++Test>if "" NEQ "" goto :clean_env 

D:\ProjectsLocal\C++Test>set __local_parse_error=0 

D:\ProjectsLocal\C++Test>if "3" GEQ "2" (
 
  
  
  
  
  
  
  
 
) 
[DEBUG:parse_cmd] -no_ext : 
[DEBUG:parse_cmd] -winsdk : 
[DEBUG:parse_cmd] -app_platform : 
[DEBUG:parse_cmd] -test   : 
[DEBUG:parse_cmd] -help   : 
[DEBUG:parse_cmd] -arch   : 
[DEBUG:parse_cmd] -host_arch : 
[DEBUG:parse_cmd] -vcvars_ver : 
[DEBUG:parse_cmd] -startdir : 

D:\ProjectsLocal\C++Test>set "VSCMD_ARG_help=" 

D:\ProjectsLocal\C++Test>if "" NEQ "" goto :print_help 

D:\ProjectsLocal\C++Test>goto :export_variables 

D:\ProjectsLocal\C++Test>set VSCMD_TEST= 

D:\ProjectsLocal\C++Test>if "" NEQ "" goto :end 

D:\ProjectsLocal\C++Test>set "VSCMD_ARG_winsdk=" 

D:\ProjectsLocal\C++Test>if NOT "" == "" (set "VSCMD_ARG_app_plat=" )  else (set "VSCMD_ARG_app_plat=Desktop" ) 

D:\ProjectsLocal\C++Test>if "" NEQ "" (if "" == "amd64" (set "VSCMD_ARG_TGT_ARCH=x64" )  else (set "VSCMD_ARG_TGT_ARCH=" ) )  else (set "VSCMD_ARG_TGT_ARCH=x86" ) 

D:\ProjectsLocal\C++Test>if "" NEQ "" (if "" == "amd64" (set "VSCMD_ARG_HOST_ARCH=x64" )  else (set "VSCMD_ARG_HOST_ARCH=" ) )  else (
 
  
 set "VSCMD_ARG_HOST_ARCH=x86" 
) 

D:\ProjectsLocal\C++Test>set "VSCMD_ARG_no_ext=" 

D:\ProjectsLocal\C++Test>set "VSCMD_ARG_no_logo=" 

D:\ProjectsLocal\C++Test>set "VSCMD_ARG_CLEAN_ENV=" 

D:\ProjectsLocal\C++Test>set "__VSCMD_INTERNAL_INIT_STATE=export" 

D:\ProjectsLocal\C++Test>if EXIST "C:\Program Files\Microsoft Visual Studio\2022\Preview\Common7\Tools\vsdevcmd\core\..\ext\vcvars.bat" call "C:\Program Files\Microsoft Visual Studio\2022\Preview\Common7\Tools\vsdevcmd\core\..\ext\vcvars.bat" 

D:\ProjectsLocal\C++Test>if "export" == "help" goto :print_help 

D:\ProjectsLocal\C++Test>if "export" == "test" goto :test 

D:\ProjectsLocal\C++Test>if "export" == "clean" goto :clean_env 

D:\ProjectsLocal\C++Test>if "export" == "export" goto :export_parse_variables 

D:\ProjectsLocal\C++Test>set "VSCMD_ARG_VCVARS_VER=" 

D:\ProjectsLocal\C++Test>set "VSCMD_ARG_VCVARS_SPECTRE=" 

D:\ProjectsLocal\C++Test>goto :end 

D:\ProjectsLocal\C++Test>set __VSCMD_ARG_VCVARS_VER= 

D:\ProjectsLocal\C++Test>set __VSCMD_ARG_VCVARS_SPECTRE= 

D:\ProjectsLocal\C++Test>set __VCVARS_HOST_DIR= 

D:\ProjectsLocal\C++Test>set __VCVARS_SPECTRE_DIR= 

D:\ProjectsLocal\C++Test>set __VCVARS_HOST_NATIVEDIR= 

D:\ProjectsLocal\C++Test>set __VCVARS_TARGET_DIR= 

D:\ProjectsLocal\C++Test>set __VCVARS_BIN_DIR= 

D:\ProjectsLocal\C++Test>set __VCVARS_LIB_DIR= 

D:\ProjectsLocal\C++Test>set __VCVARS_TOOLS_VERSION= 

D:\ProjectsLocal\C++Test>set __VCVARS_REDIST_VERSION= 

D:\ProjectsLocal\C++Test>set __VCVARS_DEFAULT_CONFIG_FILE= 

D:\ProjectsLocal\C++Test>set __VCVARS_DEFAULT_REDIST_FILE= 

D:\ProjectsLocal\C++Test>set __VCVARS_VERSION= 

D:\ProjectsLocal\C++Test>set __VCVARS_NATIVE_BIN_OVERRIDE= 

D:\ProjectsLocal\C++Test>set __VCVARS_BIN_OVERRIDE= 

D:\ProjectsLocal\C++Test>set __VCVARS_VC_LIB_DESKTOP_OVERRIDE= 

D:\ProjectsLocal\C++Test>set __VCVARS_VC_LIB_STORE_OVERRIDE= 

D:\ProjectsLocal\C++Test>set __VCVARS_VC_LIB_ONECORE_OVERRIDE= 

D:\ProjectsLocal\C++Test>set __VCVARS_ATL_LIB_OVERRIDE= 

D:\ProjectsLocal\C++Test>set __VCVARS_IFC_PATH_OVERRIDE= 

D:\ProjectsLocal\C++Test>set __VCVARS_VC_INCLUDE_OVERRIDE= 

D:\ProjectsLocal\C++Test>set __VCVARS_VS_INCLUDE_OVERRIDE= 

D:\ProjectsLocal\C++Test>set __VCVARS_ATLMFC_INCLUDE_OVERRIDE= 

D:\ProjectsLocal\C++Test>set __VCVARS_ADD_TO_PATH= 

D:\ProjectsLocal\C++Test>set __VCVARS_ADD_TO_LIB= 

D:\ProjectsLocal\C++Test>set __VCVARS_ADD_TO_LIBPATH= 

D:\ProjectsLocal\C++Test>set __VCVARS_ADD_TO_INCLUDE= 

D:\ProjectsLocal\C++Test>set __VCVARS_SET_IFCPATH= 

D:\ProjectsLocal\C++Test>set __VCVARS_SXS_FILE= 

D:\ProjectsLocal\C++Test>set __VCVARS_SXS_VERSION= 

D:\ProjectsLocal\C++Test>set __VCVARS_VER_TMP= 

D:\ProjectsLocal\C++Test>set __checkWin81= 

D:\ProjectsLocal\C++Test>if "" NEQ "" (
set __VCVARS_SCRIPT_ERROR=  
 exit /B 1 
) 

D:\ProjectsLocal\C++Test>exit /B 0 

D:\ProjectsLocal\C++Test>set "__VSCMD_INTERNAL_INIT_STATE=" 

D:\ProjectsLocal\C++Test>set "VSCMD_ARG_STARTDIR=" 

D:\ProjectsLocal\C++Test>goto :end 

D:\ProjectsLocal\C++Test>set __VSCMD_ARG_APP_PLAT= 

D:\ProjectsLocal\C++Test>set __VSCMD_ARG_CLEAN_ENV= 

D:\ProjectsLocal\C++Test>set __VSCMD_ARG_HELP= 

D:\ProjectsLocal\C++Test>set __VSCMD_ARG_HOST_ARCH= 

D:\ProjectsLocal\C++Test>set __VSCMD_ARG_NO_EXT= 

D:\ProjectsLocal\C++Test>set __VSCMD_ARG_NO_LOGO= 

D:\ProjectsLocal\C++Test>set __VSCMD_ARG_TEST= 

D:\ProjectsLocal\C++Test>set __VSCMD_ARG_TGT_ARCH= 

D:\ProjectsLocal\C++Test>set __VSCMD_ARG_WINSDK= 

D:\ProjectsLocal\C++Test>set __VSCMD_ARG_STARTDIR= 

D:\ProjectsLocal\C++Test>if "0" NEQ "0" (
set __local_parse_error=  
 exit /B 1 
) 

D:\ProjectsLocal\C++Test>set __local_parse_error= 

D:\ProjectsLocal\C++Test>exit /B 0 

D:\ProjectsLocal\C++Test>if "0" NEQ "0" set /A __vscmd_vsdevcmd_errcount=__vscmd_vsdevcmd_errcount+1 

D:\ProjectsLocal\C++Test>if /I "" == "none" set "__VSCMD_CURRENT_DIR=D:\ProjectsLocal\C++Test" 

D:\ProjectsLocal\C++Test>if "3" GEQ "2" (
 
  
  
 
) 
[DEBUG:vsdevcmd_start] Parsing results...
[DEBUG:vsdevcmd_start] -clean_env : 
[DEBUG:vsdevcmd_start] -test      : 
[DEBUG:vsdevcmd_start] -help      : 

D:\ProjectsLocal\C++Test>if "" == "1" goto :end 

D:\ProjectsLocal\C++Test>if "" NEQ "" (
if "3" NEQ "" ()  
  
 set  1>C:\Users\Shtekata\AppData\Local\Temp\test_dd_vsdevcmd17_env.log  
  
 setlocal 
 if "" NEQ "" (
 
 if "0" NEQ "" set /A __vscmd_vsdevcmd_errcount=__vscmd_vsdevcmd_errcount+1 
)  
 goto :end 
) 

D:\ProjectsLocal\C++Test>if "" NEQ "" goto :end 

D:\ProjectsLocal\C++Test>if "C:\Python312\Scripts\;C:\Python312\;C:\WINDOWS\system32;C:\WINDOWS;C:\WINDOWS\System32\Wbem;C:\WINDOWS\System32\WindowsPowerShell\v1.0\;C:\WINDOWS\System32\OpenSSH\;C:\ProgramData\chocolatey\bin;C:\Program Files\Microsoft SQL Server\150\Tools\Binn\;C:\Program Files\Microsoft SQL Server\Client SDK\ODBC\170\Tools\Binn\;C:\Program Files\dotnet\;C:\Tools\zstd-v1.5.6-win64;C:\Program Files\nodejs\;C:\Program Files\PostgreSQL\16\bin;C:\Program Files\Git\cmd;C:\Program Files\Git\mingw64\bin;C:\Program Files (x86)\Windows Kits\10\Windows Performance Toolkit\;C:\Users\Shtekata\AppData\Local\pnpm;C:\Users\Shtekata\AppData\Local\Microsoft\WindowsApps;C:\Users\Shtekata\.dotnet\tools;C:\Users\Shtekata\AppData\Local\Programs\Microsoft VS Code\bin;C:\Program Files (x86)\Nmap;C:\Users\Shtekata\AppData\Roaming\npm;" == "" (
set "__VSCMD_PREINIT_PATH=C:\Program Files\Microsoft Visual Studio\2022\Preview\VC\Tools\MSVC\14.42.34430\bin\HostX86\x86;C:\Program Files\Microsoft Visual Studio\2022\Preview\Common7\IDE\VC\VCPackages;C:\Program Files\Microsoft Visual Studio\2022\Preview\Common7\IDE\CommonExtensions\Microsoft\TestWindow;C:\Program Files\Microsoft Visual Studio\2022\Preview\Common7\IDE\CommonExtensions\Microsoft\TeamFoundation\Team Explorer;C:\Program Files\Microsoft Visual Studio\2022\Preview\MSBuild\Current\bin\Roslyn;C:\Program Files (x86)\Microsoft SDKs\Windows\v10.0A\bin\NETFX 4.8 Tools\;C:\Program Files\Microsoft Visual Studio\2022\Preview\Team Tools\DiagnosticsHub\Collector;C:\Program Files (x86)\Windows Kits\10\bin\10.0.22621.0\\x86;C:\Program Files (x86)\Windows Kits\10\bin\\x86;C:\Program Files\Microsoft Visual Studio\2022\Preview\\MSBuild\Current\Bin\amd64;C:\Windows\Microsoft.NET\Framework\v4.0.30319;C:\Program Files\Microsoft Visual Studio\2022\Preview\Common7\IDE\;C:\Program Files\Microsoft Visual Studio\2022\Preview\Common7\Tools\;C:\Python312\Scripts\;C:\Python312\;C:\WINDOWS\system32;C:\WINDOWS;C:\WINDOWS\System32\Wbem;C:\WINDOWS\System32\WindowsPowerShell\v1.0\;C:\WINDOWS\System32\OpenSSH\;C:\ProgramData\chocolatey\bin;C:\Program Files\Microsoft SQL Server\150\Tools\Binn\;C:\Program Files\Microsoft SQL Server\Client SDK\ODBC\170\Tools\Binn\;C:\Program Files\dotnet\;C:\Tools\zstd-v1.5.6-win64;C:\Program Files\nodejs\;C:\Program Files\PostgreSQL\16\bin;C:\Program Files\Git\cmd;C:\Program Files\Git\mingw64\bin;C:\Program Files (x86)\Windows Kits\10\Windows Performance Toolkit\;C:\Users\Shtekata\AppData\Local\pnpm;C:\Users\Shtekata\AppData\Local\Microsoft\WindowsApps;C:\Users\Shtekata\.dotnet\tools;C:\Users\Shtekata\AppData\Local\Programs\Microsoft VS Code\bin;C:\Program Files (x86)\Nmap;C:\Users\Shtekata\AppData\Roaming\npm;;C:\Program Files\Microsoft Visual Studio\2022\Preview\Common7\IDE\CommonExtensions\Microsoft\CMake\CMake\bin;C:\Program Files\Microsoft Visual Studio\2022\Preview\Common7\IDE\CommonExtensions\Microsoft\CMake\Ninja;C:\Program Files\Microsoft Visual Studio\2022\Preview\Common7\IDE\VC\Linux\bin\ConnectionManagerExe;C:\Program Files\Microsoft Visual Studio\2022\Preview\VC\vcpkg"  
 if "" == "" set "__VSCMD_PREINIT_INCLUDE=C:\Program Files\Microsoft Visual Studio\2022\Preview\VC\Tools\MSVC\14.42.34430\include;C:\Program Files\Microsoft Visual Studio\2022\Preview\VC\Tools\MSVC\14.42.34430\ATLMFC\include;C:\Program Files\Microsoft Visual Studio\2022\Preview\VC\Auxiliary\VS\include;C:\Program Files (x86)\Windows Kits\10\include\10.0.22621.0\ucrt;C:\Program Files (x86)\Windows Kits\10\\include\10.0.22621.0\\um;C:\Program Files (x86)\Windows Kits\10\\include\10.0.22621.0\\shared;C:\Program Files (x86)\Windows Kits\10\\include\10.0.22621.0\\winrt;C:\Program Files (x86)\Windows Kits\10\\include\10.0.22621.0\\cppwinrt;C:\Program Files (x86)\Windows Kits\NETFXSDK\4.8\include\um"  
 if "" == ""set "__VSCMD_PREINIT_LIB=C:\Program Files\Microsoft Visual Studio\2022\Preview\VC\Tools\MSVC\14.42.34430\ATLMFC\lib\x86;C:\Program Files\Microsoft Visual Studio\2022\Preview\VC\Tools\MSVC\14.42.34430\lib\x86;C:\Program Files (x86)\Windows Kits\NETFXSDK\4.8\lib\um\x86;C:\Program Files (x86)\Windows Kits\10\lib\10.0.22621.0\ucrt\x86;C:\Program Files (x86)\Windows Kits\10\\lib\10.0.22621.0\\um\x86" 
 if "" == "" set "__VSCMD_PREINIT_LIBPATH=C:\Program Files\Microsoft Visual Studio\2022\Preview\VC\Tools\MSVC\14.42.34430\ATLMFC\lib\x86;C:\Program Files\Microsoft Visual Studio\2022\Preview\VC\Tools\MSVC\14.42.34430\lib\x86;C:\Program Files\Microsoft Visual Studio\2022\Preview\VC\Tools\MSVC\14.42.34430\lib\x86\store\references;C:\Program Files (x86)\Windows Kits\10\UnionMetadata\10.0.22621.0;C:\Program Files (x86)\Windows Kits\10\References\10.0.22621.0;C:\Windows\Microsoft.NET\Framework\v4.0.30319"  
 if "" == "" set "__VSCMD_PREINIT_EXTERNAL_INCLUDE=C:\Program Files\Microsoft Visual Studio\2022\Preview\VC\Tools\MSVC\14.42.34430\include;C:\Program Files\Microsoft Visual Studio\2022\Preview\VC\Tools\MSVC\14.42.34430\ATLMFC\include;C:\Program Files\Microsoft Visual Studio\2022\Preview\VC\Auxiliary\VS\include;C:\Program Files (x86)\Windows Kits\10\include\10.0.22621.0\ucrt;C:\Program Files (x86)\Windows Kits\10\\include\10.0.22621.0\\um;C:\Program Files (x86)\Windows Kits\10\\include\10.0.22621.0\\shared;C:\Program Files (x86)\Windows Kits\10\\include\10.0.22621.0\\winrt;C:\Program Files (x86)\Windows Kits\10\\include\10.0.22621.0\\cppwinrt;C:\Program Files (x86)\Windows Kits\NETFXSDK\4.8\include\um" 
) 

D:\ProjectsLocal\C++Test>if "C:\Program Files\Microsoft Visual Studio\2022\Preview\Common7\Tools\" NEQ "" (if "" == "" (set "__VSCMD_PREINIT_VS170COMNTOOLS=C:\Program Files\Microsoft Visual Studio\2022\Preview\Common7\Tools\" ) ) 

D:\ProjectsLocal\C++Test>pushd "C:\Program Files\Microsoft Visual Studio\2022\Preview\Common7\Tools\vsdevcmd\core\..\..\" 

C:\Program Files\Microsoft Visual Studio\2022\Preview\Common7\Tools>set "VS170COMNTOOLS=C:\Program Files\Microsoft Visual Studio\2022\Preview\Common7\Tools\" 

C:\Program Files\Microsoft Visual Studio\2022\Preview\Common7\Tools>popd

D:\ProjectsLocal\C++Test>if "C:\Program Files\Microsoft Visual Studio\2022\Preview\Common7\Tools\" NEQ "" set "PATH=C:\Program Files\Microsoft Visual Studio\2022\Preview\Common7\Tools\;C:\Program Files\Microsoft Visual Studio\2022\Preview\VC\Tools\MSVC\14.42.34430\bin\HostX86\x86;C:\Program Files\Microsoft Visual Studio\2022\Preview\Common7\IDE\VC\VCPackages;C:\Program Files\Microsoft Visual Studio\2022\Preview\Common7\IDE\CommonExtensions\Microsoft\TestWindow;C:\Program Files\Microsoft Visual Studio\2022\Preview\Common7\IDE\CommonExtensions\Microsoft\TeamFoundation\Team Explorer;C:\Program Files\Microsoft Visual Studio\2022\Preview\MSBuild\Current\bin\Roslyn;C:\Program Files (x86)\Microsoft SDKs\Windows\v10.0A\bin\NETFX 4.8 Tools\;C:\Program Files\Microsoft Visual Studio\2022\Preview\Team Tools\DiagnosticsHub\Collector;C:\Program Files (x86)\Windows Kits\10\bin\10.0.22621.0\\x86;C:\Program Files (x86)\Windows Kits\10\bin\\x86;C:\Program Files\Microsoft Visual Studio\2022\Preview\\MSBuild\Current\Bin\amd64;C:\Windows\Microsoft.NET\Framework\v4.0.30319;C:\Program Files\Microsoft Visual Studio\2022\Preview\Common7\IDE\;C:\Program Files\Microsoft Visual Studio\2022\Preview\Common7\Tools\;C:\Python312\Scripts\;C:\Python312\;C:\WINDOWS\system32;C:\WINDOWS;C:\WINDOWS\System32\Wbem;C:\WINDOWS\System32\WindowsPowerShell\v1.0\;C:\WINDOWS\System32\OpenSSH\;C:\ProgramData\chocolatey\bin;C:\Program Files\Microsoft SQL Server\150\Tools\Binn\;C:\Program Files\Microsoft SQL Server\Client SDK\ODBC\170\Tools\Binn\;C:\Program Files\dotnet\;C:\Tools\zstd-v1.5.6-win64;C:\Program Files\nodejs\;C:\Program Files\PostgreSQL\16\bin;C:\Program Files\Git\cmd;C:\Program Files\Git\mingw64\bin;C:\Program Files (x86)\Windows Kits\10\Windows Performance Toolkit\;C:\Users\Shtekata\AppData\Local\pnpm;C:\Users\Shtekata\AppData\Local\Microsoft\WindowsApps;C:\Users\Shtekata\.dotnet\tools;C:\Users\Shtekata\AppData\Local\Programs\Microsoft VS Code\bin;C:\Program Files (x86)\Nmap;C:\Users\Shtekata\AppData\Roaming\npm;;C:\Program Files\Microsoft Visual Studio\2022\Preview\Common7\IDE\CommonExtensions\Microsoft\CMake\CMake\bin;C:\Program Files\Microsoft Visual Studio\2022\Preview\Common7\IDE\CommonExtensions\Microsoft\CMake\Ninja;C:\Program Files\Microsoft Visual Studio\2022\Preview\Common7\IDE\VC\Linux\bin\ConnectionManagerExe;C:\Program Files\Microsoft Visual Studio\2022\Preview\VC\vcpkg" 

D:\ProjectsLocal\C++Test>if "C:\Program Files\Microsoft Visual Studio\2022\Preview\" NEQ "" goto :set_devenvdir 

D:\ProjectsLocal\C++Test>if "C:\Program Files\Microsoft Visual Studio\2022\Preview\Common7\IDE\" == "" (if EXIST "C:\Program Files\Microsoft Visual Studio\2022\Preview\Common7\IDE\" (set "DevEnvDir=C:\Program Files\Microsoft Visual Studio\2022\Preview\Common7\IDE\" ) ) 

D:\ProjectsLocal\C++Test>if "C:\Program Files\Microsoft Visual Studio\2022\Preview\Common7\IDE\" NEQ "" set "PATH=C:\Program Files\Microsoft Visual Studio\2022\Preview\Common7\IDE\;C:\Program Files\Microsoft Visual Studio\2022\Preview\Common7\Tools\;C:\Program Files\Microsoft Visual Studio\2022\Preview\VC\Tools\MSVC\14.42.34430\bin\HostX86\x86;C:\Program Files\Microsoft Visual Studio\2022\Preview\Common7\IDE\VC\VCPackages;C:\Program Files\Microsoft Visual Studio\2022\Preview\Common7\IDE\CommonExtensions\Microsoft\TestWindow;C:\Program Files\Microsoft Visual Studio\2022\Preview\Common7\IDE\CommonExtensions\Microsoft\TeamFoundation\Team Explorer;C:\Program Files\Microsoft Visual Studio\2022\Preview\MSBuild\Current\bin\Roslyn;C:\Program Files (x86)\Microsoft SDKs\Windows\v10.0A\bin\NETFX 4.8 Tools\;C:\Program Files\Microsoft Visual Studio\2022\Preview\Team Tools\DiagnosticsHub\Collector;C:\Program Files (x86)\Windows Kits\10\bin\10.0.22621.0\\x86;C:\Program Files (x86)\Windows Kits\10\bin\\x86;C:\Program Files\Microsoft Visual Studio\2022\Preview\\MSBuild\Current\Bin\amd64;C:\Windows\Microsoft.NET\Framework\v4.0.30319;C:\Program Files\Microsoft Visual Studio\2022\Preview\Common7\IDE\;C:\Program Files\Microsoft Visual Studio\2022\Preview\Common7\Tools\;C:\Python312\Scripts\;C:\Python312\;C:\WINDOWS\system32;C:\WINDOWS;C:\WINDOWS\System32\Wbem;C:\WINDOWS\System32\WindowsPowerShell\v1.0\;C:\WINDOWS\System32\OpenSSH\;C:\ProgramData\chocolatey\bin;C:\Program Files\Microsoft SQL Server\150\Tools\Binn\;C:\Program Files\Microsoft SQL Server\Client SDK\ODBC\170\Tools\Binn\;C:\Program Files\dotnet\;C:\Tools\zstd-v1.5.6-win64;C:\Program Files\nodejs\;C:\Program Files\PostgreSQL\16\bin;C:\Program Files\Git\cmd;C:\Program Files\Git\mingw64\bin;C:\Program Files (x86)\Windows Kits\10\Windows Performance Toolkit\;C:\Users\Shtekata\AppData\Local\pnpm;C:\Users\Shtekata\AppData\Local\Microsoft\WindowsApps;C:\Users\Shtekata\.dotnet\tools;C:\Users\Shtekata\AppData\Local\Programs\Microsoft VS Code\bin;C:\Program Files (x86)\Nmap;C:\Users\Shtekata\AppData\Roaming\npm;;C:\Program Files\Microsoft Visual Studio\2022\Preview\Common7\IDE\CommonExtensions\Microsoft\CMake\CMake\bin;C:\Program Files\Microsoft Visual Studio\2022\Preview\Common7\IDE\CommonExtensions\Microsoft\CMake\Ninja;C:\Program Files\Microsoft Visual Studio\2022\Preview\Common7\IDE\VC\Linux\bin\ConnectionManagerExe;C:\Program Files\Microsoft Visual Studio\2022\Preview\VC\vcpkg" 

D:\ProjectsLocal\C++Test>goto :end 

D:\ProjectsLocal\C++Test>if "3" GEQ "2" (
 
  
 
) 
[DEBUG:vsdevcmd_start] end of script: VS170COMNTOOLS="C:\Program Files\Microsoft Visual Studio\2022\Preview\Common7\Tools\"
[DEBUG:vsdevcmd_start] end of script: VSINSTALLDIR="C:\Program Files\Microsoft Visual Studio\2022\Preview\"
[DEBUG:vsdevcmd_start] end of script: DevEnvDir="C:\Program Files\Microsoft Visual Studio\2022\Preview\Common7\IDE\"

D:\ProjectsLocal\C++Test>exit /B 0 

D:\ProjectsLocal\C++Test>set __VSCMD_ARGS_LIST= 

D:\ProjectsLocal\C++Test>if "" == "1" goto :end 

D:\ProjectsLocal\C++Test>set "VisualStudioVersion=17.0" 

D:\ProjectsLocal\C++Test>set "VSCMD_VER=17.0" 

D:\ProjectsLocal\C++Test>call :get_vscmd_ver 

D:\ProjectsLocal\C++Test>set __VSCMD_VER= 

D:\ProjectsLocal\C++Test>if NOT EXIST "C:\Program Files (x86)\Microsoft Visual Studio\Installer\vswhere.exe" (
if "3" GEQ "2"  
 goto:end_vswhere
)  else (set "__vscmd_vswhere_path=C:\Program Files (x86)\Microsoft Visual Studio\Installer\" ) 

D:\ProjectsLocal\C++Test>pushd "C:\Program Files (x86)\Microsoft Visual Studio\Installer\" 

C:\Program Files (x86)\Microsoft Visual Studio\Installer>for /F "tokens=1,* delims=+" %A in ('vswhere.exe -property catalog_productSemanticVersion -path "C:\Program Files\Microsoft Visual Studio\2022\Preview\Common7\Tools\VsDevCmd.bat"') do (
if "3" GEQ "1"  
 set "__VSCMD_VER=%A" 
) 

C:\Program Files (x86)\Microsoft Visual Studio\Installer>(
if "3" GEQ "1"  
 set "__VSCMD_VER=Active code page: 1252" 
) 
[DEBUG:VsDevCmd.bat] Found version "Active code page: 1252"

C:\Program Files (x86)\Microsoft Visual Studio\Installer>(
if "3" GEQ "1"  
 set "__VSCMD_VER=17.12.0-pre.3.0" 
) 
[DEBUG:VsDevCmd.bat] Found version "17.12.0-pre.3.0"

C:\Program Files (x86)\Microsoft Visual Studio\Installer>popd

D:\ProjectsLocal\C++Test>set __vscmd_vswhere_path= 

D:\ProjectsLocal\C++Test>if "17.12.0-pre.3.0" == "" (if "3" GEQ "1" )  else (
if "3" GEQ "2"  
 set "VSCMD_VER=17.12.0-pre.3.0" 
) 
[DEBUG:VsDevCmd.bat] Setting VSCMD_VER="17.0".

D:\ProjectsLocal\C++Test>set __VSCMD_VER= 

D:\ProjectsLocal\C++Test>exit /B 0 

D:\ProjectsLocal\C++Test>call :print_vscmd_header 

D:\ProjectsLocal\C++Test>if "" == "" (set "__VSCMD_BANNER_SHELL_NAME=Developer Command Prompt" )  else (set "__VSCMD_BANNER_SHELL_NAME=" ) 

D:\ProjectsLocal\C++Test>if "" == "" (set "__VSCMD_BANNER_TEXT=Visual Studio 2022 Developer Command Prompt v17.12.0-pre.3.0" )  else (set "__VSCMD_BANNER_TEXT=" ) 

D:\ProjectsLocal\C++Test>if "" == "" (
 
  
  
 
) 
**********************************************************************
** Visual Studio 2022 Developer Command Prompt v17.12.0-pre.3.0
** Copyright (c) 2022 Microsoft Corporation
**********************************************************************

D:\ProjectsLocal\C++Test>set __VSCMD_BANNER_TEXT= 

D:\ProjectsLocal\C++Test>set __VSCMD_BANNER_SHELL_NAME= 

D:\ProjectsLocal\C++Test>exit /B 0 

D:\ProjectsLocal\C++Test>if "3" GEQ "2" (
 
  
 
) 
[DEBUG:VsDevCmd.bat] -clean_env : 
[DEBUG:VsDevCmd.bat] -test : 
[DEBUG:VsDevCmd.bat] VS170COMNTOOLS : "C:\Program Files\Microsoft Visual Studio\2022\Preview\Common7\Tools\"

D:\ProjectsLocal\C++Test>call :process_core 

D:\ProjectsLocal\C++Test>if EXIST "C:\Program Files\Microsoft Visual Studio\2022\Preview\Common7\Tools\VsDevCmd\core\dotnet.bat" call :call_script_helper core\dotnet.bat 

D:\ProjectsLocal\C++Test>if NOT EXIST "C:\Program Files\Microsoft Visual Studio\2022\Preview\Common7\Tools\vsdevcmd\core\dotnet.bat" (
 
 set /A __vscmd_vsdevcmd_errcount=__vscmd_vsdevcmd_errcount+1  
 exit /B 1 
) 

D:\ProjectsLocal\C++Test>if "" NEQ "" set __VSCMD_INTERNAL_INIT_STATE=test 

D:\ProjectsLocal\C++Test>if "" NEQ "" set __VSCMD_INTERNAL_INIT_STATE=clean 

D:\ProjectsLocal\C++Test>if "3" GEQ "1" 
[DEBUG:VsDevCmd.bat] calling "core\dotnet.bat"

D:\ProjectsLocal\C++Test>call "C:\Program Files\Microsoft Visual Studio\2022\Preview\Common7\Tools\vsdevcmd\core\dotnet.bat" 

D:\ProjectsLocal\C++Test>if "3" GEQ "2" 
[vsdevcmd\core\dotnet.bat] initializing...

D:\ProjectsLocal\C++Test>set __dotnet_error_count=0 

D:\ProjectsLocal\C++Test>if "" NEQ "" goto :test 

D:\ProjectsLocal\C++Test>if "" NEQ "" goto :clean_env 

D:\ProjectsLocal\C++Test>if "x86" == "x86" (set __DOTNET_ADD_32BIT=1 ) 

D:\ProjectsLocal\C++Test>if "x86" == "x64" (set __DOTNET_ADD_64BIT=1 ) 

D:\ProjectsLocal\C++Test>if "x86" == "x86" (
set __DOTNET_ADD_32BIT=1  
 set __DOTNET_PREFERRED_BITNESS=32 
)  else if "x86" == "x64" (
set __DOTNET_ADD_64BIT=1  
 set __DOTNET_PREFERRED_BITNESS=64 
)  else if "x86" == "arm64" (
set __DOTNET_ADD_64BIT=1  
 set __DOTNET_PREFERRED_BITNESS=64 
)  else (
 
 set /A __dotnet_error_count=__dotnet_error_count+1 
) 

D:\ProjectsLocal\C++Test>if "3" GEQ "2" (
if "1" == "1"  
 if "" == "1"  
 
) 
[DEBUG:core\dotnet.bat] Adding 32-bit .NET Framework Path
[DEBUG:core\dotnet.bat] Framework Preference: 32bit

D:\ProjectsLocal\C++Test>if "1" == "1" (
 
  
 
) 

D:\ProjectsLocal\C++Test>set FrameworkDir32= 

D:\ProjectsLocal\C++Test>call :GetFrameworkDir32Helper32 HKLM  1>nul 2>&1 

D:\ProjectsLocal\C++Test>if errorlevel 1 call :GetFrameworkDir32Helper32 HKCU  1>nul 2>&1 

D:\ProjectsLocal\C++Test>if errorlevel 1 call :GetFrameworkDir32Helper64  HKLM  1>nul 2>&1 

D:\ProjectsLocal\C++Test>if errorlevel 1 call :GetFrameworkDir32Helper64  HKCU  1>nul 2>&1 

D:\ProjectsLocal\C++Test>if errorlevel 1 call :GetFrameworkDir32Default 

D:\ProjectsLocal\C++Test>SET FrameworkDir32=C:\Windows\Microsoft.NET\Framework\ 

D:\ProjectsLocal\C++Test>if "3" GEQ "2" 
[DEBUG:core\dotnet.bat] Cannot find registry key for FrameworkDir32 - using default: C:\Windows\Microsoft.NET\Framework\

D:\ProjectsLocal\C++Test>exit /B 0 

D:\ProjectsLocal\C++Test>exit /B 0 

D:\ProjectsLocal\C++Test>set FrameworkVer32= 

D:\ProjectsLocal\C++Test>call :GetFrameworkVer32Helper32 HKLM  1>nul 2>&1 

D:\ProjectsLocal\C++Test>if errorlevel 1 call :GetFrameworkVer32Helper32 HKCU  1>nul 2>&1 

D:\ProjectsLocal\C++Test>if errorlevel 1 call :GetFrameworkVer32Helper64  HKLM  1>nul 2>&1 

D:\ProjectsLocal\C++Test>if errorlevel 1 call :GetFrameworkVer32Helper64  HKCU  1>nul 2>&1 

D:\ProjectsLocal\C++Test>if errorlevel 1 call :GetFrameworkVer32Default 

D:\ProjectsLocal\C++Test>exit /B 0 

D:\ProjectsLocal\C++Test>set __check_result= 

D:\ProjectsLocal\C++Test>if "C:\Windows\Microsoft.NET\Framework\" == "" (
 
 set __check_result=1 
) 

D:\ProjectsLocal\C++Test>if "v4.0.30319" == "" (
 
 set __check_result=1 
) 

D:\ProjectsLocal\C++Test>if "" == "1" (
set __check_result=  
 exit /B 1 
) 

D:\ProjectsLocal\C++Test>exit /B 0 

D:\ProjectsLocal\C++Test>if "" == "1" (
 
  
 
) 

D:\ProjectsLocal\C++Test>set Framework40Version=v4.0 

D:\ProjectsLocal\C++Test>call :CheckFramework40Version 

D:\ProjectsLocal\C++Test>if "v4.0" == "" (
 
 exit /B 1 
) 

D:\ProjectsLocal\C++Test>exit /B 0 

D:\ProjectsLocal\C++Test>goto :export_env 

D:\ProjectsLocal\C++Test>setlocal EnableDelayedExpansion 

D:\ProjectsLocal\C++Test>set __DOTNET_FrameworkDir=!FrameworkDir32! 

D:\ProjectsLocal\C++Test>set __DOTNET_FrameworkVersion=!FrameworkVersion32! 

D:\ProjectsLocal\C++Test>if "__DOTNET_FrameworkDir" == "" (
 
 set /A __dotnet_error_count=__dotnet_error_count+1 
) 

D:\ProjectsLocal\C++Test>if "__DOTNET_FrameworkVersion" == "" (
 
 set /A __dotnet_error_count=__dotnet_error_count+1 
) 

D:\ProjectsLocal\C++Test>endlocal   & set "FrameworkDir=C:\Windows\Microsoft.NET\Framework\"   & set "FrameworkVersion=v4.0.30319" 

D:\ProjectsLocal\C++Test>if NOT "\" == "\" (
if "3" GEQ "2"  
 set "FrameworkDir=C:\Windows\Microsoft.NET\Framework\\" 
) 

D:\ProjectsLocal\C++Test>if exist "C:\Windows\Microsoft.NET\Framework\v4.0" set "PATH=C:\Windows\Microsoft.NET\Framework\v4.0;C:\Program Files\Microsoft Visual Studio\2022\Preview\Common7\IDE\;C:\Program Files\Microsoft Visual Studio\2022\Preview\Common7\Tools\;C:\Program Files\Microsoft Visual Studio\2022\Preview\VC\Tools\MSVC\14.42.34430\bin\HostX86\x86;C:\Program Files\Microsoft Visual Studio\2022\Preview\Common7\IDE\VC\VCPackages;C:\Program Files\Microsoft Visual Studio\2022\Preview\Common7\IDE\CommonExtensions\Microsoft\TestWindow;C:\Program Files\Microsoft Visual Studio\2022\Preview\Common7\IDE\CommonExtensions\Microsoft\TeamFoundation\Team Explorer;C:\Program Files\Microsoft Visual Studio\2022\Preview\MSBuild\Current\bin\Roslyn;C:\Program Files (x86)\Microsoft SDKs\Windows\v10.0A\bin\NETFX 4.8 Tools\;C:\Program Files\Microsoft Visual Studio\2022\Preview\Team Tools\DiagnosticsHub\Collector;C:\Program Files (x86)\Windows Kits\10\bin\10.0.22621.0\\x86;C:\Program Files (x86)\Windows Kits\10\bin\\x86;C:\Program Files\Microsoft Visual Studio\2022\Preview\\MSBuild\Current\Bin\amd64;C:\Windows\Microsoft.NET\Framework\v4.0.30319;C:\Program Files\Microsoft Visual Studio\2022\Preview\Common7\IDE\;C:\Program Files\Microsoft Visual Studio\2022\Preview\Common7\Tools\;C:\Python312\Scripts\;C:\Python312\;C:\WINDOWS\system32;C:\WINDOWS;C:\WINDOWS\System32\Wbem;C:\WINDOWS\System32\WindowsPowerShell\v1.0\;C:\WINDOWS\System32\OpenSSH\;C:\ProgramData\chocolatey\bin;C:\Program Files\Microsoft SQL Server\150\Tools\Binn\;C:\Program Files\Microsoft SQL Server\Client SDK\ODBC\170\Tools\Binn\;C:\Program Files\dotnet\;C:\Tools\zstd-v1.5.6-win64;C:\Program Files\nodejs\;C:\Program Files\PostgreSQL\16\bin;C:\Program Files\Git\cmd;C:\Program Files\Git\mingw64\bin;C:\Program Files (x86)\Windows Kits\10\Windows Performance Toolkit\;C:\Users\Shtekata\AppData\Local\pnpm;C:\Users\Shtekata\AppData\Local\Microsoft\WindowsApps;C:\Users\Shtekata\.dotnet\tools;C:\Users\Shtekata\AppData\Local\Programs\Microsoft VS Code\bin;C:\Program Files (x86)\Nmap;C:\Users\Shtekata\AppData\Roaming\npm;;C:\Program Files\Microsoft Visual Studio\2022\Preview\Common7\IDE\CommonExtensions\Microsoft\CMake\CMake\bin;C:\Program Files\Microsoft Visual Studio\2022\Preview\Common7\IDE\CommonExtensions\Microsoft\CMake\Ninja;C:\Program Files\Microsoft Visual Studio\2022\Preview\Common7\IDE\VC\Linux\bin\ConnectionManagerExe;C:\Program Files\Microsoft Visual Studio\2022\Preview\VC\vcpkg" 

D:\ProjectsLocal\C++Test>if exist "C:\Windows\Microsoft.NET\Framework\v4.0.30319" set "PATH=C:\Windows\Microsoft.NET\Framework\v4.0.30319;C:\Program Files\Microsoft Visual Studio\2022\Preview\Common7\IDE\;C:\Program Files\Microsoft Visual Studio\2022\Preview\Common7\Tools\;C:\Program Files\Microsoft Visual Studio\2022\Preview\VC\Tools\MSVC\14.42.34430\bin\HostX86\x86;C:\Program Files\Microsoft Visual Studio\2022\Preview\Common7\IDE\VC\VCPackages;C:\Program Files\Microsoft Visual Studio\2022\Preview\Common7\IDE\CommonExtensions\Microsoft\TestWindow;C:\Program Files\Microsoft Visual Studio\2022\Preview\Common7\IDE\CommonExtensions\Microsoft\TeamFoundation\Team Explorer;C:\Program Files\Microsoft Visual Studio\2022\Preview\MSBuild\Current\bin\Roslyn;C:\Program Files (x86)\Microsoft SDKs\Windows\v10.0A\bin\NETFX 4.8 Tools\;C:\Program Files\Microsoft Visual Studio\2022\Preview\Team Tools\DiagnosticsHub\Collector;C:\Program Files (x86)\Windows Kits\10\bin\10.0.22621.0\\x86;C:\Program Files (x86)\Windows Kits\10\bin\\x86;C:\Program Files\Microsoft Visual Studio\2022\Preview\\MSBuild\Current\Bin\amd64;C:\Windows\Microsoft.NET\Framework\v4.0.30319;C:\Program Files\Microsoft Visual Studio\2022\Preview\Common7\IDE\;C:\Program Files\Microsoft Visual Studio\2022\Preview\Common7\Tools\;C:\Python312\Scripts\;C:\Python312\;C:\WINDOWS\system32;C:\WINDOWS;C:\WINDOWS\System32\Wbem;C:\WINDOWS\System32\WindowsPowerShell\v1.0\;C:\WINDOWS\System32\OpenSSH\;C:\ProgramData\chocolatey\bin;C:\Program Files\Microsoft SQL Server\150\Tools\Binn\;C:\Program Files\Microsoft SQL Server\Client SDK\ODBC\170\Tools\Binn\;C:\Program Files\dotnet\;C:\Tools\zstd-v1.5.6-win64;C:\Program Files\nodejs\;C:\Program Files\PostgreSQL\16\bin;C:\Program Files\Git\cmd;C:\Program Files\Git\mingw64\bin;C:\Program Files (x86)\Windows Kits\10\Windows Performance Toolkit\;C:\Users\Shtekata\AppData\Local\pnpm;C:\Users\Shtekata\AppData\Local\Microsoft\WindowsApps;C:\Users\Shtekata\.dotnet\tools;C:\Users\Shtekata\AppData\Local\Programs\Microsoft VS Code\bin;C:\Program Files (x86)\Nmap;C:\Users\Shtekata\AppData\Roaming\npm;;C:\Program Files\Microsoft Visual Studio\2022\Preview\Common7\IDE\CommonExtensions\Microsoft\CMake\CMake\bin;C:\Program Files\Microsoft Visual Studio\2022\Preview\Common7\IDE\CommonExtensions\Microsoft\CMake\Ninja;C:\Program Files\Microsoft Visual Studio\2022\Preview\Common7\IDE\VC\Linux\bin\ConnectionManagerExe;C:\Program Files\Microsoft Visual Studio\2022\Preview\VC\vcpkg" 

D:\ProjectsLocal\C++Test>if exist "C:\Windows\Microsoft.NET\Framework\v4.0" set "LIBPATH=C:\Windows\Microsoft.NET\Framework\v4.0;C:\Program Files\Microsoft Visual Studio\2022\Preview\VC\Tools\MSVC\14.42.34430\ATLMFC\lib\x86;C:\Program Files\Microsoft Visual Studio\2022\Preview\VC\Tools\MSVC\14.42.34430\lib\x86;C:\Program Files\Microsoft Visual Studio\2022\Preview\VC\Tools\MSVC\14.42.34430\lib\x86\store\references;C:\Program Files (x86)\Windows Kits\10\UnionMetadata\10.0.22621.0;C:\Program Files (x86)\Windows Kits\10\References\10.0.22621.0;C:\Windows\Microsoft.NET\Framework\v4.0.30319" 

D:\ProjectsLocal\C++Test>if exist "C:\Windows\Microsoft.NET\Framework\v4.0.30319" set "LIBPATH=C:\Windows\Microsoft.NET\Framework\v4.0.30319;C:\Program Files\Microsoft Visual Studio\2022\Preview\VC\Tools\MSVC\14.42.34430\ATLMFC\lib\x86;C:\Program Files\Microsoft Visual Studio\2022\Preview\VC\Tools\MSVC\14.42.34430\lib\x86;C:\Program Files\Microsoft Visual Studio\2022\Preview\VC\Tools\MSVC\14.42.34430\lib\x86\store\references;C:\Program Files (x86)\Windows Kits\10\UnionMetadata\10.0.22621.0;C:\Program Files (x86)\Windows Kits\10\References\10.0.22621.0;C:\Windows\Microsoft.NET\Framework\v4.0.30319" 

D:\ProjectsLocal\C++Test>if "0" NEQ "0" (
set __dotnet_error_count=  
 exit /B 1 
) 

D:\ProjectsLocal\C++Test>set __dotnet_error_count= 

D:\ProjectsLocal\C++Test>exit /B 0 

D:\ProjectsLocal\C++Test>set __VSCMD_INTERNAL_INIT_STATE= 

D:\ProjectsLocal\C++Test>if "0" NEQ "0" (
if "3" NEQ ""  
 set /A __vscmd_vsdevcmd_errcount=__vscmd_vsdevcmd_errcount+1  
 exit /B 1 
)  else (if "3" GEQ "1" ) 
[DEBUG:core\dotnet.bat] init:COMPLETE

D:\ProjectsLocal\C++Test>exit /B 0 

D:\ProjectsLocal\C++Test>if EXIST "C:\Program Files\Microsoft Visual Studio\2022\Preview\Common7\Tools\VsDevCmd\core\msbuild.bat" call :call_script_helper core\msbuild.bat 

D:\ProjectsLocal\C++Test>if NOT EXIST "C:\Program Files\Microsoft Visual Studio\2022\Preview\Common7\Tools\vsdevcmd\core\msbuild.bat" (
 
 set /A __vscmd_vsdevcmd_errcount=__vscmd_vsdevcmd_errcount+1  
 exit /B 1 
) 

D:\ProjectsLocal\C++Test>if "" NEQ "" set __VSCMD_INTERNAL_INIT_STATE=test 

D:\ProjectsLocal\C++Test>if "" NEQ "" set __VSCMD_INTERNAL_INIT_STATE=clean 

D:\ProjectsLocal\C++Test>if "3" GEQ "1" 
[DEBUG:VsDevCmd.bat] calling "core\msbuild.bat"

D:\ProjectsLocal\C++Test>call "C:\Program Files\Microsoft Visual Studio\2022\Preview\Common7\Tools\vsdevcmd\core\msbuild.bat" 

D:\ProjectsLocal\C++Test>if "3" GEQ "1" 
[DEBUG:core\msbuild.bat] initializing...

D:\ProjectsLocal\C++Test>set __VSCMD_msbuild_failcount=0 

D:\ProjectsLocal\C++Test>if "" NEQ "" goto :test 

D:\ProjectsLocal\C++Test>if "" NEQ "" goto :clean_env 

D:\ProjectsLocal\C++Test>if exist "C:\Program Files\Microsoft Visual Studio\2022\Preview\\MSBuild\Current\Bin" (if "AMD64" == "ARM64" (set "PATH=C:\Program Files\Microsoft Visual Studio\2022\Preview\\MSBuild\Current\Bin\arm64;C:\Windows\Microsoft.NET\Framework\v4.0.30319;C:\Program Files\Microsoft Visual Studio\2022\Preview\Common7\IDE\;C:\Program Files\Microsoft Visual Studio\2022\Preview\Common7\Tools\;C:\Program Files\Microsoft Visual Studio\2022\Preview\VC\Tools\MSVC\14.42.34430\bin\HostX86\x86;C:\Program Files\Microsoft Visual Studio\2022\Preview\Common7\IDE\VC\VCPackages;C:\Program Files\Microsoft Visual Studio\2022\Preview\Common7\IDE\CommonExtensions\Microsoft\TestWindow;C:\Program Files\Microsoft Visual Studio\2022\Preview\Common7\IDE\CommonExtensions\Microsoft\TeamFoundation\Team Explorer;C:\Program Files\Microsoft Visual Studio\2022\Preview\MSBuild\Current\bin\Roslyn;C:\Program Files (x86)\Microsoft SDKs\Windows\v10.0A\bin\NETFX 4.8 Tools\;C:\Program Files\Microsoft Visual Studio\2022\Preview\Team Tools\DiagnosticsHub\Collector;C:\Program Files (x86)\Windows Kits\10\bin\10.0.22621.0\\x86;C:\Program Files (x86)\Windows Kits\10\bin\\x86;C:\Program Files\Microsoft Visual Studio\2022\Preview\\MSBuild\Current\Bin\amd64;C:\Windows\Microsoft.NET\Framework\v4.0.30319;C:\Program Files\Microsoft Visual Studio\2022\Preview\Common7\IDE\;C:\Program Files\Microsoft Visual Studio\2022\Preview\Common7\Tools\;C:\Python312\Scripts\;C:\Python312\;C:\WINDOWS\system32;C:\WINDOWS;C:\WINDOWS\System32\Wbem;C:\WINDOWS\System32\WindowsPowerShell\v1.0\;C:\WINDOWS\System32\OpenSSH\;C:\ProgramData\chocolatey\bin;C:\Program Files\Microsoft SQL Server\150\Tools\Binn\;C:\Program Files\Microsoft SQL Server\Client SDK\ODBC\170\Tools\Binn\;C:\Program Files\dotnet\;C:\Tools\zstd-v1.5.6-win64;C:\Program Files\nodejs\;C:\Program Files\PostgreSQL\16\bin;C:\Program Files\Git\cmd;C:\Program Files\Git\mingw64\bin;C:\Program Files (x86)\Windows Kits\10\Windows Performance Toolkit\;C:\Users\Shtekata\AppData\Local\pnpm;C:\Users\Shtekata\AppData\Local\Microsoft\WindowsApps;C:\Users\Shtekata\.dotnet\tools;C:\Users\Shtekata\AppData\Local\Programs\Microsoft VS Code\bin;C:\Program Files (x86)\Nmap;C:\Users\Shtekata\AppData\Roaming\npm;;C:\Program Files\Microsoft Visual Studio\2022\Preview\Common7\IDE\CommonExtensions\Microsoft\CMake\CMake\bin;C:\Program Files\Microsoft Visual Studio\2022\Preview\Common7\IDE\CommonExtensions\Microsoft\CMake\Ninja;C:\Program Files\Microsoft Visual Studio\2022\Preview\Common7\IDE\VC\Linux\bin\ConnectionManagerExe;C:\Program Files\Microsoft Visual Studio\2022\Preview\VC\vcpkg"  )  else (set "PATH=C:\Program Files\Microsoft Visual Studio\2022\Preview\\MSBuild\Current\Bin\amd64;C:\Windows\Microsoft.NET\Framework\v4.0.30319;C:\Program Files\Microsoft Visual Studio\2022\Preview\Common7\IDE\;C:\Program Files\Microsoft Visual Studio\2022\Preview\Common7\Tools\;C:\Program Files\Microsoft Visual Studio\2022\Preview\VC\Tools\MSVC\14.42.34430\bin\HostX86\x86;C:\Program Files\Microsoft Visual Studio\2022\Preview\Common7\IDE\VC\VCPackages;C:\Program Files\Microsoft Visual Studio\2022\Preview\Common7\IDE\CommonExtensions\Microsoft\TestWindow;C:\Program Files\Microsoft Visual Studio\2022\Preview\Common7\IDE\CommonExtensions\Microsoft\TeamFoundation\Team Explorer;C:\Program Files\Microsoft Visual Studio\2022\Preview\MSBuild\Current\bin\Roslyn;C:\Program Files (x86)\Microsoft SDKs\Windows\v10.0A\bin\NETFX 4.8 Tools\;C:\Program Files\Microsoft Visual Studio\2022\Preview\Team Tools\DiagnosticsHub\Collector;C:\Program Files (x86)\Windows Kits\10\bin\10.0.22621.0\\x86;C:\Program Files (x86)\Windows Kits\10\bin\\x86;C:\Program Files\Microsoft Visual Studio\2022\Preview\\MSBuild\Current\Bin\amd64;C:\Windows\Microsoft.NET\Framework\v4.0.30319;C:\Program Files\Microsoft Visual Studio\2022\Preview\Common7\IDE\;C:\Program Files\Microsoft Visual Studio\2022\Preview\Common7\Tools\;C:\Python312\Scripts\;C:\Python312\;C:\WINDOWS\system32;C:\WINDOWS;C:\WINDOWS\System32\Wbem;C:\WINDOWS\System32\WindowsPowerShell\v1.0\;C:\WINDOWS\System32\OpenSSH\;C:\ProgramData\chocolatey\bin;C:\Program Files\Microsoft SQL Server\150\Tools\Binn\;C:\Program Files\Microsoft SQL Server\Client SDK\ODBC\170\Tools\Binn\;C:\Program Files\dotnet\;C:\Tools\zstd-v1.5.6-win64;C:\Program Files\nodejs\;C:\Program Files\PostgreSQL\16\bin;C:\Program Files\Git\cmd;C:\Program Files\Git\mingw64\bin;C:\Program Files (x86)\Windows Kits\10\Windows Performance Toolkit\;C:\Users\Shtekata\AppData\Local\pnpm;C:\Users\Shtekata\AppData\Local\Microsoft\WindowsApps;C:\Users\Shtekata\.dotnet\tools;C:\Users\Shtekata\AppData\Local\Programs\Microsoft VS Code\bin;C:\Program Files (x86)\Nmap;C:\Users\Shtekata\AppData\Roaming\npm;;C:\Program Files\Microsoft Visual Studio\2022\Preview\Common7\IDE\CommonExtensions\Microsoft\CMake\CMake\bin;C:\Program Files\Microsoft Visual Studio\2022\Preview\Common7\IDE\CommonExtensions\Microsoft\CMake\Ninja;C:\Program Files\Microsoft Visual Studio\2022\Preview\Common7\IDE\VC\Linux\bin\ConnectionManagerExe;C:\Program Files\Microsoft Visual Studio\2022\Preview\VC\vcpkg"  ) )  else (set /A __VSCMD_msbuild_failcount=__VSCMD_msbuild_failcount+1 ) 

D:\ProjectsLocal\C++Test>goto :end 

D:\ProjectsLocal\C++Test>if "0" NEQ "0" (
set __VSCMD_msbuild_failcount=  
 exit /B 1 
) 

D:\ProjectsLocal\C++Test>set __VSCMD_msbuild_failcount= 

D:\ProjectsLocal\C++Test>exit /B 0 

D:\ProjectsLocal\C++Test>set __VSCMD_INTERNAL_INIT_STATE= 

D:\ProjectsLocal\C++Test>if "0" NEQ "0" (
if "3" NEQ ""  
 set /A __vscmd_vsdevcmd_errcount=__vscmd_vsdevcmd_errcount+1  
 exit /B 1 
)  else (if "3" GEQ "1" ) 
[DEBUG:core\msbuild.bat] init:COMPLETE

D:\ProjectsLocal\C++Test>exit /B 0 

D:\ProjectsLocal\C++Test>if EXIST "C:\Program Files\Microsoft Visual Studio\2022\Preview\Common7\Tools\VsDevCmd\core\winsdk.bat" call :call_script_helper core\winsdk.bat 

D:\ProjectsLocal\C++Test>if NOT EXIST "C:\Program Files\Microsoft Visual Studio\2022\Preview\Common7\Tools\vsdevcmd\core\winsdk.bat" (
 
 set /A __vscmd_vsdevcmd_errcount=__vscmd_vsdevcmd_errcount+1  
 exit /B 1 
) 

D:\ProjectsLocal\C++Test>if "" NEQ "" set __VSCMD_INTERNAL_INIT_STATE=test 

D:\ProjectsLocal\C++Test>if "" NEQ "" set __VSCMD_INTERNAL_INIT_STATE=clean 

D:\ProjectsLocal\C++Test>if "3" GEQ "1" 
[DEBUG:VsDevCmd.bat] calling "core\winsdk.bat"

D:\ProjectsLocal\C++Test>call "C:\Program Files\Microsoft Visual Studio\2022\Preview\Common7\Tools\vsdevcmd\core\winsdk.bat" 

D:\ProjectsLocal\C++Test>if "3" GEQ "1" echo [DEBUG:winsdk.bat] initializing... 
[DEBUG:winsdk.bat] initializing...

D:\ProjectsLocal\C++Test>set __winsdk_script_err_count=0 

D:\ProjectsLocal\C++Test>if "" NEQ "" goto :test 

D:\ProjectsLocal\C++Test>if "" NEQ "" goto :clean_env 

D:\ProjectsLocal\C++Test>set __winsdk_debug_missing_var= 

D:\ProjectsLocal\C++Test>if /I "" == "none" (
if "3" GEQ "1" echo [DEBUG:winsdk.bat] /winsdk=none specified, skipping init.  
  
 if "3" GEQ "1" set __winsdk_debug_missing_var=1  
 goto :export_env 
) 

D:\ProjectsLocal\C++Test>call :GetWindowsSdkDir 

D:\ProjectsLocal\C++Test>set WindowsSdkDir= 

D:\ProjectsLocal\C++Test>set WindowsLibPath= 

D:\ProjectsLocal\C++Test>set WindowsSDKVersion= 

D:\ProjectsLocal\C++Test>set WindowsSDKLibVersion=winv6.3\ 

D:\ProjectsLocal\C++Test>set WindowsSdkBinPath= 

D:\ProjectsLocal\C++Test>if "" == "8.1" (
call :GetWin81SdkDir  
 if errorlevel 1 call :GetWin81SdkDirError  
 if errorlevel 1 exit /B 1  
 exit /B 0 
) 

D:\ProjectsLocal\C++Test>if NOT "" == "" (
call :GetWin10SdkDir  
 if errorlevel 1 call :GetWin10SdkDirError  
 if errorlevel 1 call exit /B 1  
 exit /B 0 
) 

D:\ProjectsLocal\C++Test>if "" == "" call :GetWin10SdkDir 

D:\ProjectsLocal\C++Test>if "3" GEQ "3" goto :GetWin10SdkDirVerbose 

D:\ProjectsLocal\C++Test>call :GetWin10SdkDirHelper HKLM\SOFTWARE\Wow6432Node 

D:\ProjectsLocal\C++Test>for /F "tokens=1,2*" %i in ('reg query "HKLM\SOFTWARE\Wow6432Node\Microsoft\Microsoft SDKs\Windows\v10.0" /v "InstallationFolder"') DO (if "%i" == "InstallationFolder" (SET WindowsSdkDir=%~k ) ) 

D:\ProjectsLocal\C++Test>(if "Active" == "InstallationFolder" (SET WindowsSdkDir=page: 1252 ) ) 

D:\ProjectsLocal\C++Test>(if "HKEY_LOCAL_MACHINE\SOFTWARE\Wow6432Node\Microsoft\Microsoft" == "InstallationFolder" (SET WindowsSdkDir= ) ) 

D:\ProjectsLocal\C++Test>(if "InstallationFolder" == "InstallationFolder" (SET WindowsSdkDir=C:\Program Files (x86)\Windows Kits\10\ ) ) 

D:\ProjectsLocal\C++Test>setlocal enableDelayedExpansion 

D:\ProjectsLocal\C++Test>set __check_file=winsdkver.h 

D:\ProjectsLocal\C++Test>if /I "Desktop" == "UWP" set __check_file=Windows.h 

D:\ProjectsLocal\C++Test>if not "C:\Program Files (x86)\Windows Kits\10\" == "" for /F %i IN ('dir "C:\Program Files (x86)\Windows Kits\10\include\" /b /ad-h /on') DO (
 
 if EXIST "C:\Program Files (x86)\Windows Kits\10\include\%i\um\winsdkver.h" (
set result=%i  
 if "!result:~0,3!" == "10." (
set SDK=!result!  
 if "!result!" == "" set findSDK=1 
) 
) 
) 

D:\ProjectsLocal\C++Test>(
 
 if EXIST "C:\Program Files (x86)\Windows Kits\10\include\Active\um\winsdkver.h" (
set result=Active  
 if "!result:~0,3!" == "10." (
set SDK=!result!  
 if "!result!" == "" set findSDK=1 
) 
) 
) 

D:\ProjectsLocal\C++Test>(
 
 if EXIST "C:\Program Files (x86)\Windows Kits\10\include\10.0.19041.0\um\winsdkver.h" (
set result=10.0.19041.0  
 if "!result:~0,3!" == "10." (
set SDK=!result!  
 if "!result!" == "" set findSDK=1 
) 
) 
) 

D:\ProjectsLocal\C++Test>(
 
 if EXIST "C:\Program Files (x86)\Windows Kits\10\include\10.0.22621.0\um\winsdkver.h" (
set result=10.0.22621.0  
 if "!result:~0,3!" == "10." (
set SDK=!result!  
 if "!result!" == "" set findSDK=1 
) 
) 
) 

D:\ProjectsLocal\C++Test>if "" == "1" set SDK= 

D:\ProjectsLocal\C++Test>endlocal   & set WindowsSDKVersion=10.0.22621.0\ 

D:\ProjectsLocal\C++Test>if not "" == "" (
 
  
 if not "\" == "10.0.22621.0\" (
if "3" GEQ "1" echo [DEBUG:winsdk.bat] specified /winsdk= was not found or was incomplete  
 set WindowsSDKVersion=\  
 set WindowsSDKNotFound=1 
) 
)  else (
 
 if "10.0.22621.0\" == "\" (
set WindowsSDKNotFound=1  
 set WindowsSDKDir=  
 set WindowsSDKBinPath=  
 set WindowsSDKVerBinPath=  
 goto :GetWin10SdkDirExit 
) 
) 

D:\ProjectsLocal\C++Test>if not "10.0.22621.0\" == "\" set WindowsSDKLibVersion=10.0.22621.0\ 

D:\ProjectsLocal\C++Test>set "WindowsSdkBinPath=C:\Program Files (x86)\Windows Kits\10\bin\" 

D:\ProjectsLocal\C++Test>if EXIST "C:\Program Files (x86)\Windows Kits\10\bin\10.0.22621.0\" (set "WindowsSdkVerBinPath=C:\Program Files (x86)\Windows Kits\10\bin\10.0.22621.0\" ) 

D:\ProjectsLocal\C++Test>if "C:\Program Files (x86)\Windows Kits\10\" == "" goto :GetWin10SdkDirExit 

D:\ProjectsLocal\C++Test>set _WinSdkVer_tmp=10.0.22621.0 

D:\ProjectsLocal\C++Test>if EXIST "C:\Program Files (x86)\Windows Kits\10\UnionMetadata\10.0.22621.0" (set "WindowsLibPath=C:\Program Files (x86)\Windows Kits\10\UnionMetadata\10.0.22621.0;C:\Program Files (x86)\Windows Kits\10\References\10.0.22621.0" )  else (set "WindowsLibPath=C:\Program Files (x86)\Windows Kits\10\UnionMetadata;C:\Program Files (x86)\Windows Kits\10\References" ) 

D:\ProjectsLocal\C++Test>set _WinSdkVer_tmp= 

D:\ProjectsLocal\C++Test>if "" == "1" (
set WindowsSDKNotFound=  
 exit /B 1 
) 

D:\ProjectsLocal\C++Test>exit /B 0 

D:\ProjectsLocal\C++Test>if errorlevel 1 call :GetWin10SdkDirHelper HKCU\SOFTWARE\Wow6432Node 

D:\ProjectsLocal\C++Test>if errorlevel 1 call :GetWin10SdkDirHelper HKLM\SOFTWARE 

D:\ProjectsLocal\C++Test>if errorlevel 1 call :GetWin10SdkDirHelper HKCU\SOFTWARE 

D:\ProjectsLocal\C++Test>if errorlevel 1 exit /B 1 

D:\ProjectsLocal\C++Test>exit /B 0 

D:\ProjectsLocal\C++Test>if "C:\Program Files (x86)\Windows Kits\10\" == "" call :GetWin81SdkDir 

D:\ProjectsLocal\C++Test>if "0" NEQ "0" exit /B 1 

D:\ProjectsLocal\C++Test>exit /B 0 

D:\ProjectsLocal\C++Test>call :GetUniversalCRTSdkDir 

D:\ProjectsLocal\C++Test>set UniversalCRTSdkDir= 

D:\ProjectsLocal\C++Test>if "3" GEQ "3" goto :GetUniversalCRTSdkDirVerbose 

D:\ProjectsLocal\C++Test>call :GetUniversalCRTSdkDirHelper HKLM\SOFTWARE\Wow6432Node 

D:\ProjectsLocal\C++Test>for /F "tokens=1,2*" %i in ('reg query "HKLM\SOFTWARE\Wow6432Node\Microsoft\Windows Kits\Installed Roots" /v "KitsRoot10"') DO (if "%i" == "KitsRoot10" (SET UniversalCRTSdkDir=%k ) ) 

D:\ProjectsLocal\C++Test>(if "Active" == "KitsRoot10" (SET UniversalCRTSdkDir=page: 1252 ) ) 

D:\ProjectsLocal\C++Test>(if "HKEY_LOCAL_MACHINE\SOFTWARE\Wow6432Node\Microsoft\Windows" == "KitsRoot10" (SET UniversalCRTSdkDir=Roots ) ) 

D:\ProjectsLocal\C++Test>(if "KitsRoot10" == "KitsRoot10" (SET UniversalCRTSdkDir=C:\Program Files (x86)\Windows Kits\10\ ) ) 

D:\ProjectsLocal\C++Test>if "C:\Program Files (x86)\Windows Kits\10\" == "" (exit /B 1 ) 

D:\ProjectsLocal\C++Test>exit /B 0 

D:\ProjectsLocal\C++Test>if errorlevel 1 call :GetUniversalCRTSdkDirHelper HKCU\SOFTWARE\Wow6432Node 

D:\ProjectsLocal\C++Test>if errorlevel 1 call :GetUniversalCRTSdkDirHelper HKLM\SOFTWARE 

D:\ProjectsLocal\C++Test>if errorlevel 1 call :GetUniversalCRTSdkDirHelper HKCU\SOFTWARE 

D:\ProjectsLocal\C++Test>if errorlevel 1 exit /B 1 

D:\ProjectsLocal\C++Test>exit /B 0 

D:\ProjectsLocal\C++Test>call :GetUniversalCRTVersion 

D:\ProjectsLocal\C++Test>if "C:\Program Files (x86)\Windows Kits\10\" == "" (
if "3" GEQ "1" echo [DEBUG:winsdk.bat] "%UniversalCRTSdkDir%" is not set, cannot determine %UCRTVersion%.  
 exit /B 1 
) 

D:\ProjectsLocal\C++Test>setlocal enableDelayedExpansion 

D:\ProjectsLocal\C++Test>set DIRCMD= 

D:\ProjectsLocal\C++Test>for /F %i IN ('dir "C:\Program Files (x86)\Windows Kits\10\Lib\" /b /ad-h /on') DO (
set result=%i  
 if "!result:~0,3!" == "10." (if exist "C:\Program Files (x86)\Windows Kits\10\Lib\!result!\ucrt\x86\ucrt.lib" (
set CRT=!result!  
 if "!result!" == "" set match=1 
)  else (if "3" GEQ "2" echo [DEBUG:winsdk.bat] Found Windows SDK version "!result!" without Universal C Runtime "C:\Program Files (x86)\Windows Kits\10\Lib\!result!\ucrt\x86\ucrt.lib". ) ) 
) 

D:\ProjectsLocal\C++Test>(
set result=Active  
 if "!result:~0,3!" == "10." (if exist "C:\Program Files (x86)\Windows Kits\10\Lib\!result!\ucrt\x86\ucrt.lib" (
set CRT=!result!  
 if "!result!" == "" set match=1 
)  else (if "3" GEQ "2" echo [DEBUG:winsdk.bat] Found Windows SDK version "!result!" without Universal C Runtime "C:\Program Files (x86)\Windows Kits\10\Lib\!result!\ucrt\x86\ucrt.lib". ) ) 
) 

D:\ProjectsLocal\C++Test>(
set result=10.0.19041.0  
 if "!result:~0,3!" == "10." (if exist "C:\Program Files (x86)\Windows Kits\10\Lib\!result!\ucrt\x86\ucrt.lib" (
set CRT=!result!  
 if "!result!" == "" set match=1 
)  else (if "3" GEQ "2" echo [DEBUG:winsdk.bat] Found Windows SDK version "!result!" without Universal C Runtime "C:\Program Files (x86)\Windows Kits\10\Lib\!result!\ucrt\x86\ucrt.lib". ) ) 
) 

D:\ProjectsLocal\C++Test>(
set result=10.0.22621.0  
 if "!result:~0,3!" == "10." (if exist "C:\Program Files (x86)\Windows Kits\10\Lib\!result!\ucrt\x86\ucrt.lib" (
set CRT=!result!  
 if "!result!" == "" set match=1 
)  else (if "3" GEQ "2" echo [DEBUG:winsdk.bat] Found Windows SDK version "!result!" without Universal C Runtime "C:\Program Files (x86)\Windows Kits\10\Lib\!result!\ucrt\x86\ucrt.lib". ) ) 
) 

D:\ProjectsLocal\C++Test>if not "" == "" set CRT= 

D:\ProjectsLocal\C++Test>endlocal   & set UCRTVersion=10.0.22621.0 

D:\ProjectsLocal\C++Test>exit /B 0 

D:\ProjectsLocal\C++Test>goto :export_env 

D:\ProjectsLocal\C++Test>call :check_host_arch 

D:\ProjectsLocal\C++Test>set __vscmd_local_host_arch_err=0 

D:\ProjectsLocal\C++Test>if "x86" == "" (set __vscmd_local_host_arch_err=1 ) 

D:\ProjectsLocal\C++Test>if "x86" NEQ "x64" if "x86" NEQ "x86" (if "x86" NEQ "arm" if "x86" NEQ "arm64" (set __vscmd_local_host_arch_err=1 ) ) 

D:\ProjectsLocal\C++Test>if "0" == "1" (
set __vscmd_local_host_arch_err=  
 set /A __winsdk_script_err_count=__winsdk_script_err_count+1  
  
 exit /B 1 
) 

D:\ProjectsLocal\C++Test>set __vscmd_local_host_arch_err= 

D:\ProjectsLocal\C++Test>exit /B 0 

D:\ProjectsLocal\C++Test>if "0" NEQ "0" goto :end 

D:\ProjectsLocal\C++Test>call :check_variable_winsdk_none "WindowsSdkDir" "PATH, INCLUDE, LIB, and LIBPATH" 

D:\ProjectsLocal\C++Test>setlocal EnableDelayedExpansion 

D:\ProjectsLocal\C++Test>if "!WindowsSdkDir!" == "" (if not "" == "" echo [DEBUG:winsdk.bat] Environment variable "%WindowsSdkDir%" is not defined. To properly configure PATH, INCLUDE, LIB, and LIBPATH, set "%WindowsSdkDir%" prior to calling VsDevCmd.bat with -winsdk=. ) 

D:\ProjectsLocal\C++Test>endlocal

D:\ProjectsLocal\C++Test>exit /B 0 

D:\ProjectsLocal\C++Test>if not "C:\Program Files (x86)\Windows Kits\10\" == "" set "__winsdk_check_win81=C:\Program Files (x86)\Windows Kits\10\" 

D:\ProjectsLocal\C++Test>if "C:\Program Files (x86)\Windows Kits\10\" == "C:\Program Files (x86)\Windows Kits\10\" (
 
 call :check_variable_winsdk_none "WindowsSdkVersion" "PATH, INCLUDE, LIB, and LIBPATH" 
) 

D:\ProjectsLocal\C++Test>setlocal EnableDelayedExpansion 

D:\ProjectsLocal\C++Test>if "!WindowsSdkVersion!" == "" (if not "" == "" echo [DEBUG:winsdk.bat] Environment variable "%WindowsSdkVersion%" is not defined. To properly configure PATH, INCLUDE, LIB, and LIBPATH, set "%WindowsSdkVersion%" prior to calling VsDevCmd.bat with -winsdk=. ) 

D:\ProjectsLocal\C++Test>endlocal

D:\ProjectsLocal\C++Test>exit /B 0 

D:\ProjectsLocal\C++Test>if "C:\Program Files (x86)\Windows Kits\10\" == "" goto :export_env_skip_defaults 

D:\ProjectsLocal\C++Test>call :check_variable_and_default_winsdk_none "WindowsSdkBinPath" "C:\Program Files (x86)\Windows Kits\10\\bin\" 

D:\ProjectsLocal\C++Test>setlocal EnableDelayedExpansion 

D:\ProjectsLocal\C++Test>set "var_value=!WindowsSdkBinPath!" 

D:\ProjectsLocal\C++Test>if "C:\Program Files (x86)\Windows Kits\10\bin\" == "" (
if not "" == "" echo [DEBUG:winsdk.bat] Environment variable "%WindowsSdkBinPath%" is not defined. Using default value "C:\Program Files (x86)\Windows Kits\10\\bin\". To avoid using default, set "%WindowsSdkBinPath%" prior to calling VsDevcmd.bat with -winsdk=.  
 set "var_value=C:\Program Files (x86)\Windows Kits\10\\bin\" 
) 

D:\ProjectsLocal\C++Test>endlocal   && set "WindowsSdkBinPath=C:\Program Files (x86)\Windows Kits\10\bin\" 

D:\ProjectsLocal\C++Test>exit /B 0 

D:\ProjectsLocal\C++Test>set "__winsdk_stripped_winsdkversion=10.0.22621.0" 

D:\ProjectsLocal\C++Test>if not "10.0.22621.0\" == "10.0.22621.0\" (set "__winsdk_stripped_winsdkversion=10.0.22621.0\" ) 

D:\ProjectsLocal\C++Test>if "C:\Program Files (x86)\Windows Kits\10\bin\10.0.22621.0\" == "" (if not "10.0.22621.0\" == "" (call :check_variable_and_default_winsdk_none "WindowsSdkVerBinPath" "C:\Program Files (x86)\Windows Kits\10\bin\\10.0.22621.0\" ) ) 

D:\ProjectsLocal\C++Test>if "10.0.22621.0\" == "" (if not "C:\Program Files (x86)\Windows Kits\10\" == "C:\Program Files (x86)\Windows Kits\10\" (
 
 call :check_variable_and_default_winsdk_none "WindowsLibPath" "C:\Program Files (x86)\Windows Kits\10\\References\CommonConfiguration\Neutral"  
 call :check_variable_and_default_winsdk_none "WindowsSdkLibVersion" "winv6.3\" 
)  else (
call :check_variable_winsdk_none "WindowsLibPath" "LIBPATH"  
 call :check_variable_winsdk_none "WindowsSdkLibVersion" "LIB" 
) )  else (
if exist "C:\Program Files (x86)\Windows Kits\10\\UnionMetadata\10.0.22621.0" (call :check_variable_and_default_winsdk_none "WindowsLibPath" "C:\Program Files (x86)\Windows Kits\10\\UnionMetadata\10.0.22621.0;C:\Program Files (x86)\Windows Kits\10\\References\10.0.22621.0" )  else (call :check_variable_and_default_winsdk_none "WindowsLibPath" "C:\Program Files (x86)\Windows Kits\10\\UnionMetadata;C:\Program Files (x86)\Windows Kits\10\\References" )  
 call :check_variable_and_default_winsdk_none "WindowsSdkLibVersion" "10.0.22621.0\" 
) 

D:\ProjectsLocal\C++Test>setlocal EnableDelayedExpansion 

D:\ProjectsLocal\C++Test>set "var_value=!WindowsLibPath!" 

D:\ProjectsLocal\C++Test>if "C:\Program Files (x86)\Windows Kits\10\UnionMetadata\10.0.22621.0;C:\Program Files (x86)\Windows Kits\10\References\10.0.22621.0" == "" (
if not "" == "" echo [DEBUG:winsdk.bat] Environment variable "%WindowsLibPath%" is not defined. Using default value "C:\Program Files (x86)\Windows Kits\10\\UnionMetadata\10.0.22621.0;C:\Program Files (x86)\Windows Kits\10\\References\10.0.22621.0". To avoid using default, set "%WindowsLibPath%" prior to calling VsDevcmd.bat with -winsdk=.  
 set "var_value=C:\Program Files (x86)\Windows Kits\10\\UnionMetadata\10.0.22621.0;C:\Program Files (x86)\Windows Kits\10\\References\10.0.22621.0" 
) 

D:\ProjectsLocal\C++Test>endlocal   && set "WindowsLibPath=C:\Program Files (x86)\Windows Kits\10\UnionMetadata\10.0.22621.0;C:\Program Files (x86)\Windows Kits\10\References\10.0.22621.0" 

D:\ProjectsLocal\C++Test>exit /B 0 

D:\ProjectsLocal\C++Test>setlocal EnableDelayedExpansion 

D:\ProjectsLocal\C++Test>set "var_value=!WindowsSdkLibVersion!" 

D:\ProjectsLocal\C++Test>if "10.0.22621.0\" == "" (
if not "" == "" echo [DEBUG:winsdk.bat] Environment variable "%WindowsSdkLibVersion%" is not defined. Using default value "10.0.22621.0\". To avoid using default, set "%WindowsSdkLibVersion%" prior to calling VsDevcmd.bat with -winsdk=.  
 set "var_value=10.0.22621.0\" 
) 

D:\ProjectsLocal\C++Test>endlocal   && set "WindowsSdkLibVersion=10.0.22621.0\" 

D:\ProjectsLocal\C++Test>exit /B 0 

D:\ProjectsLocal\C++Test>if not "C:\Program Files (x86)\Windows Kits\10\bin\" == "" set "PATH=C:\Program Files (x86)\Windows Kits\10\bin\\x86;C:\Program Files\Microsoft Visual Studio\2022\Preview\\MSBuild\Current\Bin\amd64;C:\Windows\Microsoft.NET\Framework\v4.0.30319;C:\Program Files\Microsoft Visual Studio\2022\Preview\Common7\IDE\;C:\Program Files\Microsoft Visual Studio\2022\Preview\Common7\Tools\;C:\Program Files\Microsoft Visual Studio\2022\Preview\VC\Tools\MSVC\14.42.34430\bin\HostX86\x86;C:\Program Files\Microsoft Visual Studio\2022\Preview\Common7\IDE\VC\VCPackages;C:\Program Files\Microsoft Visual Studio\2022\Preview\Common7\IDE\CommonExtensions\Microsoft\TestWindow;C:\Program Files\Microsoft Visual Studio\2022\Preview\Common7\IDE\CommonExtensions\Microsoft\TeamFoundation\Team Explorer;C:\Program Files\Microsoft Visual Studio\2022\Preview\MSBuild\Current\bin\Roslyn;C:\Program Files (x86)\Microsoft SDKs\Windows\v10.0A\bin\NETFX 4.8 Tools\;C:\Program Files\Microsoft Visual Studio\2022\Preview\Team Tools\DiagnosticsHub\Collector;C:\Program Files (x86)\Windows Kits\10\bin\10.0.22621.0\\x86;C:\Program Files (x86)\Windows Kits\10\bin\\x86;C:\Program Files\Microsoft Visual Studio\2022\Preview\\MSBuild\Current\Bin\amd64;C:\Windows\Microsoft.NET\Framework\v4.0.30319;C:\Program Files\Microsoft Visual Studio\2022\Preview\Common7\IDE\;C:\Program Files\Microsoft Visual Studio\2022\Preview\Common7\Tools\;C:\Python312\Scripts\;C:\Python312\;C:\WINDOWS\system32;C:\WINDOWS;C:\WINDOWS\System32\Wbem;C:\WINDOWS\System32\WindowsPowerShell\v1.0\;C:\WINDOWS\System32\OpenSSH\;C:\ProgramData\chocolatey\bin;C:\Program Files\Microsoft SQL Server\150\Tools\Binn\;C:\Program Files\Microsoft SQL Server\Client SDK\ODBC\170\Tools\Binn\;C:\Program Files\dotnet\;C:\Tools\zstd-v1.5.6-win64;C:\Program Files\nodejs\;C:\Program Files\PostgreSQL\16\bin;C:\Program Files\Git\cmd;C:\Program Files\Git\mingw64\bin;C:\Program Files (x86)\Windows Kits\10\Windows Performance Toolkit\;C:\Users\Shtekata\AppData\Local\pnpm;C:\Users\Shtekata\AppData\Local\Microsoft\WindowsApps;C:\Users\Shtekata\.dotnet\tools;C:\Users\Shtekata\AppData\Local\Programs\Microsoft VS Code\bin;C:\Program Files (x86)\Nmap;C:\Users\Shtekata\AppData\Roaming\npm;;C:\Program Files\Microsoft Visual Studio\2022\Preview\Common7\IDE\CommonExtensions\Microsoft\CMake\CMake\bin;C:\Program Files\Microsoft Visual Studio\2022\Preview\Common7\IDE\CommonExtensions\Microsoft\CMake\Ninja;C:\Program Files\Microsoft Visual Studio\2022\Preview\Common7\IDE\VC\Linux\bin\ConnectionManagerExe;C:\Program Files\Microsoft Visual Studio\2022\Preview\VC\vcpkg" 

D:\ProjectsLocal\C++Test>if not "C:\Program Files (x86)\Windows Kits\10\bin\10.0.22621.0\" == "" set "PATH=C:\Program Files (x86)\Windows Kits\10\bin\10.0.22621.0\\x86;C:\Program Files (x86)\Windows Kits\10\bin\\x86;C:\Program Files\Microsoft Visual Studio\2022\Preview\\MSBuild\Current\Bin\amd64;C:\Windows\Microsoft.NET\Framework\v4.0.30319;C:\Program Files\Microsoft Visual Studio\2022\Preview\Common7\IDE\;C:\Program Files\Microsoft Visual Studio\2022\Preview\Common7\Tools\;C:\Program Files\Microsoft Visual Studio\2022\Preview\VC\Tools\MSVC\14.42.34430\bin\HostX86\x86;C:\Program Files\Microsoft Visual Studio\2022\Preview\Common7\IDE\VC\VCPackages;C:\Program Files\Microsoft Visual Studio\2022\Preview\Common7\IDE\CommonExtensions\Microsoft\TestWindow;C:\Program Files\Microsoft Visual Studio\2022\Preview\Common7\IDE\CommonExtensions\Microsoft\TeamFoundation\Team Explorer;C:\Program Files\Microsoft Visual Studio\2022\Preview\MSBuild\Current\bin\Roslyn;C:\Program Files (x86)\Microsoft SDKs\Windows\v10.0A\bin\NETFX 4.8 Tools\;C:\Program Files\Microsoft Visual Studio\2022\Preview\Team Tools\DiagnosticsHub\Collector;C:\Program Files (x86)\Windows Kits\10\bin\10.0.22621.0\\x86;C:\Program Files (x86)\Windows Kits\10\bin\\x86;C:\Program Files\Microsoft Visual Studio\2022\Preview\\MSBuild\Current\Bin\amd64;C:\Windows\Microsoft.NET\Framework\v4.0.30319;C:\Program Files\Microsoft Visual Studio\2022\Preview\Common7\IDE\;C:\Program Files\Microsoft Visual Studio\2022\Preview\Common7\Tools\;C:\Python312\Scripts\;C:\Python312\;C:\WINDOWS\system32;C:\WINDOWS;C:\WINDOWS\System32\Wbem;C:\WINDOWS\System32\WindowsPowerShell\v1.0\;C:\WINDOWS\System32\OpenSSH\;C:\ProgramData\chocolatey\bin;C:\Program Files\Microsoft SQL Server\150\Tools\Binn\;C:\Program Files\Microsoft SQL Server\Client SDK\ODBC\170\Tools\Binn\;C:\Program Files\dotnet\;C:\Tools\zstd-v1.5.6-win64;C:\Program Files\nodejs\;C:\Program Files\PostgreSQL\16\bin;C:\Program Files\Git\cmd;C:\Program Files\Git\mingw64\bin;C:\Program Files (x86)\Windows Kits\10\Windows Performance Toolkit\;C:\Users\Shtekata\AppData\Local\pnpm;C:\Users\Shtekata\AppData\Local\Microsoft\WindowsApps;C:\Users\Shtekata\.dotnet\tools;C:\Users\Shtekata\AppData\Local\Programs\Microsoft VS Code\bin;C:\Program Files (x86)\Nmap;C:\Users\Shtekata\AppData\Roaming\npm;;C:\Program Files\Microsoft Visual Studio\2022\Preview\Common7\IDE\CommonExtensions\Microsoft\CMake\CMake\bin;C:\Program Files\Microsoft Visual Studio\2022\Preview\Common7\IDE\CommonExtensions\Microsoft\CMake\Ninja;C:\Program Files\Microsoft Visual Studio\2022\Preview\Common7\IDE\VC\Linux\bin\ConnectionManagerExe;C:\Program Files\Microsoft Visual Studio\2022\Preview\VC\vcpkg" 

D:\ProjectsLocal\C++Test>call :check_target_arch 

D:\ProjectsLocal\C++Test>set __vscmd_local_tgt_arch_err=0 

D:\ProjectsLocal\C++Test>if "x86" == "" (set __vscmd_local_tgt_arch_err=1 ) 

D:\ProjectsLocal\C++Test>if "x86" NEQ "x64" if "x86" NEQ "x86" (if "x86" NEQ "arm" if "x86" NEQ "arm64" (set __vscmd_local_tgt_arch_err=1 ) ) 

D:\ProjectsLocal\C++Test>if "0" == "1" (
set __vscmd_local_tgt_arch_err=  
 set /A __winsdk_script_err_count=__winsdk_script_err_count+1  
  
 exit /B 1 
) 

D:\ProjectsLocal\C++Test>set __vscmd_local_tgt_arch_err= 

D:\ProjectsLocal\C++Test>exit /B 0 

D:\ProjectsLocal\C++Test>if "0" NEQ "0" goto :end 

D:\ProjectsLocal\C++Test>if "C:\Program Files (x86)\Windows Kits\10\" == "" goto :export_ucrt 

D:\ProjectsLocal\C++Test>if not "10.0.22621.0\" == "" set "LIB=C:\Program Files (x86)\Windows Kits\10\\lib\10.0.22621.0\\um\x86;C:\Program Files\Microsoft Visual Studio\2022\Preview\VC\Tools\MSVC\14.42.34430\ATLMFC\lib\x86;C:\Program Files\Microsoft Visual Studio\2022\Preview\VC\Tools\MSVC\14.42.34430\lib\x86;C:\Program Files (x86)\Windows Kits\NETFXSDK\4.8\lib\um\x86;C:\Program Files (x86)\Windows Kits\10\lib\10.0.22621.0\ucrt\x86;C:\Program Files (x86)\Windows Kits\10\\lib\10.0.22621.0\\um\x86" 

D:\ProjectsLocal\C++Test>if not "10.0.22621.0\" == "" set "__VSCMD_WINSDK_INCLUDE=C:\Program Files (x86)\Windows Kits\10\\include\10.0.22621.0\\um;C:\Program Files (x86)\Windows Kits\10\\include\10.0.22621.0\\shared;C:\Program Files (x86)\Windows Kits\10\\include\10.0.22621.0\\winrt;C:\Program Files (x86)\Windows Kits\10\\include\10.0.22621.0\\cppwinrt;" 

D:\ProjectsLocal\C++Test>if not "C:\Program Files (x86)\Windows Kits\10\UnionMetadata\10.0.22621.0;C:\Program Files (x86)\Windows Kits\10\References\10.0.22621.0" == "" set "LIBPATH=C:\Program Files (x86)\Windows Kits\10\UnionMetadata\10.0.22621.0;C:\Program Files (x86)\Windows Kits\10\References\10.0.22621.0;C:\Windows\Microsoft.NET\Framework\v4.0.30319;C:\Program Files\Microsoft Visual Studio\2022\Preview\VC\Tools\MSVC\14.42.34430\ATLMFC\lib\x86;C:\Program Files\Microsoft Visual Studio\2022\Preview\VC\Tools\MSVC\14.42.34430\lib\x86;C:\Program Files\Microsoft Visual Studio\2022\Preview\VC\Tools\MSVC\14.42.34430\lib\x86\store\references;C:\Program Files (x86)\Windows Kits\10\UnionMetadata\10.0.22621.0;C:\Program Files (x86)\Windows Kits\10\References\10.0.22621.0;C:\Windows\Microsoft.NET\Framework\v4.0.30319" 

D:\ProjectsLocal\C++Test>if "10.0.22621.0" NEQ "" set "__VSCMD_WINSDK_INCLUDE=C:\Program Files (x86)\Windows Kits\10\include\10.0.22621.0\ucrt;C:\Program Files (x86)\Windows Kits\10\\include\10.0.22621.0\\um;C:\Program Files (x86)\Windows Kits\10\\include\10.0.22621.0\\shared;C:\Program Files (x86)\Windows Kits\10\\include\10.0.22621.0\\winrt;C:\Program Files (x86)\Windows Kits\10\\include\10.0.22621.0\\cppwinrt;" 

D:\ProjectsLocal\C++Test>if "10.0.22621.0" NEQ "" set "LIB=C:\Program Files (x86)\Windows Kits\10\lib\10.0.22621.0\ucrt\x86;C:\Program Files (x86)\Windows Kits\10\\lib\10.0.22621.0\\um\x86;C:\Program Files\Microsoft Visual Studio\2022\Preview\VC\Tools\MSVC\14.42.34430\ATLMFC\lib\x86;C:\Program Files\Microsoft Visual Studio\2022\Preview\VC\Tools\MSVC\14.42.34430\lib\x86;C:\Program Files (x86)\Windows Kits\NETFXSDK\4.8\lib\um\x86;C:\Program Files (x86)\Windows Kits\10\lib\10.0.22621.0\ucrt\x86;C:\Program Files (x86)\Windows Kits\10\\lib\10.0.22621.0\\um\x86" 

D:\ProjectsLocal\C++Test>goto :end 

D:\ProjectsLocal\C++Test>if "0" NEQ "0" (
set __winsdk_script_err_count=  
 exit /B 1 
) 

D:\ProjectsLocal\C++Test>set __winsdk_check_win81= 

D:\ProjectsLocal\C++Test>set __winsdk_debug_missing_var= 

D:\ProjectsLocal\C++Test>set __winsdk_script_err_count= 

D:\ProjectsLocal\C++Test>set __winsdk_stripped_winsdkversion= 

D:\ProjectsLocal\C++Test>exit /B 0 

D:\ProjectsLocal\C++Test>set __VSCMD_INTERNAL_INIT_STATE= 

D:\ProjectsLocal\C++Test>if "0" NEQ "0" (
if "3" NEQ ""  
 set /A __vscmd_vsdevcmd_errcount=__vscmd_vsdevcmd_errcount+1  
 exit /B 1 
)  else (if "3" GEQ "1" ) 
[DEBUG:core\winsdk.bat] init:COMPLETE

D:\ProjectsLocal\C++Test>exit /B 0 

D:\ProjectsLocal\C++Test>exit /B 0 

D:\ProjectsLocal\C++Test>call :process_ext 

D:\ProjectsLocal\C++Test>if "" == "1" (
if "3" GEQ "1"  
 goto :ext_end 
) 

D:\ProjectsLocal\C++Test>if NOT EXIST "C:\Program Files\Microsoft Visual Studio\2022\Preview\Common7\Tools\vsdevcmd\ext\" (
 
 set /A __vscmd_vsdevcmd_errcount=__vscmd_vsdevcmd_errcount+1  
 goto :ext_end 
) 

D:\ProjectsLocal\C++Test>for /F %a in ('dir "C:\Program Files\Microsoft Visual Studio\2022\Preview\Common7\Tools\vsdevcmd\ext\*.bat" /b /a-d-h /on') do (call :call_script_helper ext\%a ) 

D:\ProjectsLocal\C++Test>(call :call_script_helper ext\Active ) 

D:\ProjectsLocal\C++Test>if NOT EXIST "C:\Program Files\Microsoft Visual Studio\2022\Preview\Common7\Tools\vsdevcmd\ext\Active" (
 
 set /A __vscmd_vsdevcmd_errcount=__vscmd_vsdevcmd_errcount+1  
 exit /B 1 
) 
[ERROR:VsDevCmd.bat] Script "vsdevcmd\ext\Active" could not be found.

D:\ProjectsLocal\C++Test>(call :call_script_helper ext\cmake.bat ) 

D:\ProjectsLocal\C++Test>if NOT EXIST "C:\Program Files\Microsoft Visual Studio\2022\Preview\Common7\Tools\vsdevcmd\ext\cmake.bat" (
 
 set /A __vscmd_vsdevcmd_errcount=__vscmd_vsdevcmd_errcount+1  
 exit /B 1 
) 

D:\ProjectsLocal\C++Test>if "" NEQ "" set __VSCMD_INTERNAL_INIT_STATE=test 

D:\ProjectsLocal\C++Test>if "" NEQ "" set __VSCMD_INTERNAL_INIT_STATE=clean 

D:\ProjectsLocal\C++Test>if "3" GEQ "1" 
[DEBUG:VsDevCmd.bat] calling "ext\cmake.bat"

D:\ProjectsLocal\C++Test>call "C:\Program Files\Microsoft Visual Studio\2022\Preview\Common7\Tools\vsdevcmd\ext\cmake.bat" 

D:\ProjectsLocal\C++Test>if "" NEQ "" goto :test 

D:\ProjectsLocal\C++Test>if "" NEQ "" goto :clean_env 

D:\ProjectsLocal\C++Test>if not exist "C:\Program Files\Microsoft Visual Studio\2022\Preview\Common7\IDE\CommonExtensions\Microsoft\CMake\CMake\bin" goto :error_setting_path 

D:\ProjectsLocal\C++Test>if not exist "C:\Program Files\Microsoft Visual Studio\2022\Preview\Common7\IDE\CommonExtensions\Microsoft\CMake\Ninja" goto :error_setting_path 

D:\ProjectsLocal\C++Test>set "PATH=C:\Program Files (x86)\Windows Kits\10\bin\10.0.22621.0\\x86;C:\Program Files (x86)\Windows Kits\10\bin\\x86;C:\Program Files\Microsoft Visual Studio\2022\Preview\\MSBuild\Current\Bin\amd64;C:\Windows\Microsoft.NET\Framework\v4.0.30319;C:\Program Files\Microsoft Visual Studio\2022\Preview\Common7\IDE\;C:\Program Files\Microsoft Visual Studio\2022\Preview\Common7\Tools\;C:\Program Files\Microsoft Visual Studio\2022\Preview\VC\Tools\MSVC\14.42.34430\bin\HostX86\x86;C:\Program Files\Microsoft Visual Studio\2022\Preview\Common7\IDE\VC\VCPackages;C:\Program Files\Microsoft Visual Studio\2022\Preview\Common7\IDE\CommonExtensions\Microsoft\TestWindow;C:\Program Files\Microsoft Visual Studio\2022\Preview\Common7\IDE\CommonExtensions\Microsoft\TeamFoundation\Team Explorer;C:\Program Files\Microsoft Visual Studio\2022\Preview\MSBuild\Current\bin\Roslyn;C:\Program Files (x86)\Microsoft SDKs\Windows\v10.0A\bin\NETFX 4.8 Tools\;C:\Program Files\Microsoft Visual Studio\2022\Preview\Team Tools\DiagnosticsHub\Collector;C:\Program Files (x86)\Windows Kits\10\bin\10.0.22621.0\\x86;C:\Program Files (x86)\Windows Kits\10\bin\\x86;C:\Program Files\Microsoft Visual Studio\2022\Preview\\MSBuild\Current\Bin\amd64;C:\Windows\Microsoft.NET\Framework\v4.0.30319;C:\Program Files\Microsoft Visual Studio\2022\Preview\Common7\IDE\;C:\Program Files\Microsoft Visual Studio\2022\Preview\Common7\Tools\;C:\Python312\Scripts\;C:\Python312\;C:\WINDOWS\system32;C:\WINDOWS;C:\WINDOWS\System32\Wbem;C:\WINDOWS\System32\WindowsPowerShell\v1.0\;C:\WINDOWS\System32\OpenSSH\;C:\ProgramData\chocolatey\bin;C:\Program Files\Microsoft SQL Server\150\Tools\Binn\;C:\Program Files\Microsoft SQL Server\Client SDK\ODBC\170\Tools\Binn\;C:\Program Files\dotnet\;C:\Tools\zstd-v1.5.6-win64;C:\Program Files\nodejs\;C:\Program Files\PostgreSQL\16\bin;C:\Program Files\Git\cmd;C:\Program Files\Git\mingw64\bin;C:\Program Files (x86)\Windows Kits\10\Windows Performance Toolkit\;C:\Users\Shtekata\AppData\Local\pnpm;C:\Users\Shtekata\AppData\Local\Microsoft\WindowsApps;C:\Users\Shtekata\.dotnet\tools;C:\Users\Shtekata\AppData\Local\Programs\Microsoft VS Code\bin;C:\Program Files (x86)\Nmap;C:\Users\Shtekata\AppData\Roaming\npm;;C:\Program Files\Microsoft Visual Studio\2022\Preview\Common7\IDE\CommonExtensions\Microsoft\CMake\CMake\bin;C:\Program Files\Microsoft Visual Studio\2022\Preview\Common7\IDE\CommonExtensions\Microsoft\CMake\Ninja;C:\Program Files\Microsoft Visual Studio\2022\Preview\Common7\IDE\VC\Linux\bin\ConnectionManagerExe;C:\Program Files\Microsoft Visual Studio\2022\Preview\VC\vcpkg;C:\Program Files\Microsoft Visual Studio\2022\Preview\Common7\IDE\CommonExtensions\Microsoft\CMake\CMake\bin;C:\Program Files\Microsoft Visual Studio\2022\Preview\Common7\IDE\CommonExtensions\Microsoft\CMake\Ninja" 

D:\ProjectsLocal\C++Test>goto :end 

D:\ProjectsLocal\C++Test>exit /B 0 

D:\ProjectsLocal\C++Test>set __VSCMD_INTERNAL_INIT_STATE= 

D:\ProjectsLocal\C++Test>if "0" NEQ "0" (
if "3" NEQ ""  
 set /A __vscmd_vsdevcmd_errcount=__vscmd_vsdevcmd_errcount+1  
 exit /B 1 
)  else (if "3" GEQ "1" ) 
[DEBUG:ext\cmake.bat] init:COMPLETE

D:\ProjectsLocal\C++Test>exit /B 0 

D:\ProjectsLocal\C++Test>(call :call_script_helper ext\ConnectionManagerExe.bat ) 

D:\ProjectsLocal\C++Test>if NOT EXIST "C:\Program Files\Microsoft Visual Studio\2022\Preview\Common7\Tools\vsdevcmd\ext\ConnectionManagerExe.bat" (
 
 set /A __vscmd_vsdevcmd_errcount=__vscmd_vsdevcmd_errcount+1  
 exit /B 1 
) 

D:\ProjectsLocal\C++Test>if "" NEQ "" set __VSCMD_INTERNAL_INIT_STATE=test 

D:\ProjectsLocal\C++Test>if "" NEQ "" set __VSCMD_INTERNAL_INIT_STATE=clean 

D:\ProjectsLocal\C++Test>if "3" GEQ "1" 
[DEBUG:VsDevCmd.bat] calling "ext\ConnectionManagerExe.bat"

D:\ProjectsLocal\C++Test>call "C:\Program Files\Microsoft Visual Studio\2022\Preview\Common7\Tools\vsdevcmd\ext\ConnectionManagerExe.bat" 

D:\ProjectsLocal\C++Test>set __VSCMD_script_err_count=0 

D:\ProjectsLocal\C++Test>if "" NEQ "" goto :test 

D:\ProjectsLocal\C++Test>if "" NEQ "" goto :clean_env 

D:\ProjectsLocal\C++Test>if not exist "C:\Program Files\Microsoft Visual Studio\2022\Preview\Common7\IDE\VC\Linux\bin\ConnectionManagerExe" goto :error_setting_path 

D:\ProjectsLocal\C++Test>set "PATH=C:\Program Files (x86)\Windows Kits\10\bin\10.0.22621.0\\x86;C:\Program Files (x86)\Windows Kits\10\bin\\x86;C:\Program Files\Microsoft Visual Studio\2022\Preview\\MSBuild\Current\Bin\amd64;C:\Windows\Microsoft.NET\Framework\v4.0.30319;C:\Program Files\Microsoft Visual Studio\2022\Preview\Common7\IDE\;C:\Program Files\Microsoft Visual Studio\2022\Preview\Common7\Tools\;C:\Program Files\Microsoft Visual Studio\2022\Preview\VC\Tools\MSVC\14.42.34430\bin\HostX86\x86;C:\Program Files\Microsoft Visual Studio\2022\Preview\Common7\IDE\VC\VCPackages;C:\Program Files\Microsoft Visual Studio\2022\Preview\Common7\IDE\CommonExtensions\Microsoft\TestWindow;C:\Program Files\Microsoft Visual Studio\2022\Preview\Common7\IDE\CommonExtensions\Microsoft\TeamFoundation\Team Explorer;C:\Program Files\Microsoft Visual Studio\2022\Preview\MSBuild\Current\bin\Roslyn;C:\Program Files (x86)\Microsoft SDKs\Windows\v10.0A\bin\NETFX 4.8 Tools\;C:\Program Files\Microsoft Visual Studio\2022\Preview\Team Tools\DiagnosticsHub\Collector;C:\Program Files (x86)\Windows Kits\10\bin\10.0.22621.0\\x86;C:\Program Files (x86)\Windows Kits\10\bin\\x86;C:\Program Files\Microsoft Visual Studio\2022\Preview\\MSBuild\Current\Bin\amd64;C:\Windows\Microsoft.NET\Framework\v4.0.30319;C:\Program Files\Microsoft Visual Studio\2022\Preview\Common7\IDE\;C:\Program Files\Microsoft Visual Studio\2022\Preview\Common7\Tools\;C:\Python312\Scripts\;C:\Python312\;C:\WINDOWS\system32;C:\WINDOWS;C:\WINDOWS\System32\Wbem;C:\WINDOWS\System32\WindowsPowerShell\v1.0\;C:\WINDOWS\System32\OpenSSH\;C:\ProgramData\chocolatey\bin;C:\Program Files\Microsoft SQL Server\150\Tools\Binn\;C:\Program Files\Microsoft SQL Server\Client SDK\ODBC\170\Tools\Binn\;C:\Program Files\dotnet\;C:\Tools\zstd-v1.5.6-win64;C:\Program Files\nodejs\;C:\Program Files\PostgreSQL\16\bin;C:\Program Files\Git\cmd;C:\Program Files\Git\mingw64\bin;C:\Program Files (x86)\Windows Kits\10\Windows Performance Toolkit\;C:\Users\Shtekata\AppData\Local\pnpm;C:\Users\Shtekata\AppData\Local\Microsoft\WindowsApps;C:\Users\Shtekata\.dotnet\tools;C:\Users\Shtekata\AppData\Local\Programs\Microsoft VS Code\bin;C:\Program Files (x86)\Nmap;C:\Users\Shtekata\AppData\Roaming\npm;;C:\Program Files\Microsoft Visual Studio\2022\Preview\Common7\IDE\CommonExtensions\Microsoft\CMake\CMake\bin;C:\Program Files\Microsoft Visual Studio\2022\Preview\Common7\IDE\CommonExtensions\Microsoft\CMake\Ninja;C:\Program Files\Microsoft Visual Studio\2022\Preview\Common7\IDE\VC\Linux\bin\ConnectionManagerExe;C:\Program Files\Microsoft Visual Studio\2022\Preview\VC\vcpkg;C:\Program Files\Microsoft Visual Studio\2022\Preview\Common7\IDE\CommonExtensions\Microsoft\CMake\CMake\bin;C:\Program Files\Microsoft Visual Studio\2022\Preview\Common7\IDE\CommonExtensions\Microsoft\CMake\Ninja;C:\Program Files\Microsoft Visual Studio\2022\Preview\Common7\IDE\VC\Linux\bin\ConnectionManagerExe" 

D:\ProjectsLocal\C++Test>goto :end 

D:\ProjectsLocal\C++Test>if "0" NEQ "0" (
set __VSCMD_script_err_count=  
 exit /B 1 
) 

D:\ProjectsLocal\C++Test>set __VSCMD_script_err_count= 

D:\ProjectsLocal\C++Test>exit /B 0 

D:\ProjectsLocal\C++Test>set __VSCMD_INTERNAL_INIT_STATE= 

D:\ProjectsLocal\C++Test>if "0" NEQ "0" (
if "3" NEQ ""  
 set /A __vscmd_vsdevcmd_errcount=__vscmd_vsdevcmd_errcount+1  
 exit /B 1 
)  else (if "3" GEQ "1" ) 
[DEBUG:ext\ConnectionManagerExe.bat] init:COMPLETE

D:\ProjectsLocal\C++Test>exit /B 0 

D:\ProjectsLocal\C++Test>(call :call_script_helper ext\diaghub.bat ) 

D:\ProjectsLocal\C++Test>if NOT EXIST "C:\Program Files\Microsoft Visual Studio\2022\Preview\Common7\Tools\vsdevcmd\ext\diaghub.bat" (
 
 set /A __vscmd_vsdevcmd_errcount=__vscmd_vsdevcmd_errcount+1  
 exit /B 1 
) 

D:\ProjectsLocal\C++Test>if "" NEQ "" set __VSCMD_INTERNAL_INIT_STATE=test 

D:\ProjectsLocal\C++Test>if "" NEQ "" set __VSCMD_INTERNAL_INIT_STATE=clean 

D:\ProjectsLocal\C++Test>if "3" GEQ "1" 
[DEBUG:VsDevCmd.bat] calling "ext\diaghub.bat"

D:\ProjectsLocal\C++Test>call "C:\Program Files\Microsoft Visual Studio\2022\Preview\Common7\Tools\vsdevcmd\ext\diaghub.bat" 

D:\ProjectsLocal\C++Test>set __VSCMD_script_err_count=0 

D:\ProjectsLocal\C++Test>if "" NEQ "" goto :test 

D:\ProjectsLocal\C++Test>if "" NEQ "" goto :clean_env 

D:\ProjectsLocal\C++Test>set "PATH=C:\Program Files\Microsoft Visual Studio\2022\Preview\Team Tools\DiagnosticsHub\Collector;C:\Program Files (x86)\Windows Kits\10\bin\10.0.22621.0\\x86;C:\Program Files (x86)\Windows Kits\10\bin\\x86;C:\Program Files\Microsoft Visual Studio\2022\Preview\\MSBuild\Current\Bin\amd64;C:\Windows\Microsoft.NET\Framework\v4.0.30319;C:\Program Files\Microsoft Visual Studio\2022\Preview\Common7\IDE\;C:\Program Files\Microsoft Visual Studio\2022\Preview\Common7\Tools\;C:\Program Files\Microsoft Visual Studio\2022\Preview\VC\Tools\MSVC\14.42.34430\bin\HostX86\x86;C:\Program Files\Microsoft Visual Studio\2022\Preview\Common7\IDE\VC\VCPackages;C:\Program Files\Microsoft Visual Studio\2022\Preview\Common7\IDE\CommonExtensions\Microsoft\TestWindow;C:\Program Files\Microsoft Visual Studio\2022\Preview\Common7\IDE\CommonExtensions\Microsoft\TeamFoundation\Team Explorer;C:\Program Files\Microsoft Visual Studio\2022\Preview\MSBuild\Current\bin\Roslyn;C:\Program Files (x86)\Microsoft SDKs\Windows\v10.0A\bin\NETFX 4.8 Tools\;C:\Program Files\Microsoft Visual Studio\2022\Preview\Team Tools\DiagnosticsHub\Collector;C:\Program Files (x86)\Windows Kits\10\bin\10.0.22621.0\\x86;C:\Program Files (x86)\Windows Kits\10\bin\\x86;C:\Program Files\Microsoft Visual Studio\2022\Preview\\MSBuild\Current\Bin\amd64;C:\Windows\Microsoft.NET\Framework\v4.0.30319;C:\Program Files\Microsoft Visual Studio\2022\Preview\Common7\IDE\;C:\Program Files\Microsoft Visual Studio\2022\Preview\Common7\Tools\;C:\Python312\Scripts\;C:\Python312\;C:\WINDOWS\system32;C:\WINDOWS;C:\WINDOWS\System32\Wbem;C:\WINDOWS\System32\WindowsPowerShell\v1.0\;C:\WINDOWS\System32\OpenSSH\;C:\ProgramData\chocolatey\bin;C:\Program Files\Microsoft SQL Server\150\Tools\Binn\;C:\Program Files\Microsoft SQL Server\Client SDK\ODBC\170\Tools\Binn\;C:\Program Files\dotnet\;C:\Tools\zstd-v1.5.6-win64;C:\Program Files\nodejs\;C:\Program Files\PostgreSQL\16\bin;C:\Program Files\Git\cmd;C:\Program Files\Git\mingw64\bin;C:\Program Files (x86)\Windows Kits\10\Windows Performance Toolkit\;C:\Users\Shtekata\AppData\Local\pnpm;C:\Users\Shtekata\AppData\Local\Microsoft\WindowsApps;C:\Users\Shtekata\.dotnet\tools;C:\Users\Shtekata\AppData\Local\Programs\Microsoft VS Code\bin;C:\Program Files (x86)\Nmap;C:\Users\Shtekata\AppData\Roaming\npm;;C:\Program Files\Microsoft Visual Studio\2022\Preview\Common7\IDE\CommonExtensions\Microsoft\CMake\CMake\bin;C:\Program Files\Microsoft Visual Studio\2022\Preview\Common7\IDE\CommonExtensions\Microsoft\CMake\Ninja;C:\Program Files\Microsoft Visual Studio\2022\Preview\Common7\IDE\VC\Linux\bin\ConnectionManagerExe;C:\Program Files\Microsoft Visual Studio\2022\Preview\VC\vcpkg;C:\Program Files\Microsoft Visual Studio\2022\Preview\Common7\IDE\CommonExtensions\Microsoft\CMake\CMake\bin;C:\Program Files\Microsoft Visual Studio\2022\Preview\Common7\IDE\CommonExtensions\Microsoft\CMake\Ninja;C:\Program Files\Microsoft Visual Studio\2022\Preview\Common7\IDE\VC\Linux\bin\ConnectionManagerExe" 

D:\ProjectsLocal\C++Test>goto :end 

D:\ProjectsLocal\C++Test>if "0" NEQ "0" (
set __VSCMD_script_err_count=  
 exit /B 1 
) 

D:\ProjectsLocal\C++Test>set __VSCMD_script_err_count= 

D:\ProjectsLocal\C++Test>exit /B 0 

D:\ProjectsLocal\C++Test>set __VSCMD_INTERNAL_INIT_STATE= 

D:\ProjectsLocal\C++Test>if "0" NEQ "0" (
if "3" NEQ ""  
 set /A __vscmd_vsdevcmd_errcount=__vscmd_vsdevcmd_errcount+1  
 exit /B 1 
)  else (if "3" GEQ "1" ) 
[DEBUG:ext\diaghub.bat] init:COMPLETE

D:\ProjectsLocal\C++Test>exit /B 0 

D:\ProjectsLocal\C++Test>(call :call_script_helper ext\netfxsdk.bat ) 

D:\ProjectsLocal\C++Test>if NOT EXIST "C:\Program Files\Microsoft Visual Studio\2022\Preview\Common7\Tools\vsdevcmd\ext\netfxsdk.bat" (
 
 set /A __vscmd_vsdevcmd_errcount=__vscmd_vsdevcmd_errcount+1  
 exit /B 1 
) 

D:\ProjectsLocal\C++Test>if "" NEQ "" set __VSCMD_INTERNAL_INIT_STATE=test 

D:\ProjectsLocal\C++Test>if "" NEQ "" set __VSCMD_INTERNAL_INIT_STATE=clean 

D:\ProjectsLocal\C++Test>if "3" GEQ "1" 
[DEBUG:VsDevCmd.bat] calling "ext\netfxsdk.bat"

D:\ProjectsLocal\C++Test>call "C:\Program Files\Microsoft Visual Studio\2022\Preview\Common7\Tools\vsdevcmd\ext\netfxsdk.bat" 

D:\ProjectsLocal\C++Test>set __netfx_script_errcount=0 

D:\ProjectsLocal\C++Test>if "" NEQ "" goto :test 

D:\ProjectsLocal\C++Test>if "" NEQ "" goto :clean_env 

D:\ProjectsLocal\C++Test>call :GetNetFxSdkExecutablePath 

D:\ProjectsLocal\C++Test>set WindowsSDK_ExecutablePath_x86= 

D:\ProjectsLocal\C++Test>set WindowsSDK_ExecutablePath_x64= 

D:\ProjectsLocal\C++Test>set NETFXSDKDir= 

D:\ProjectsLocal\C++Test>set __netfxsdk_script_arch=X64 

D:\ProjectsLocal\C++Test>if /I "AMD64" == "x86" (if not defined PROCESSOR_ARCHITEW6432 set __netfxsdk_script_arch=X86 ) 

D:\ProjectsLocal\C++Test>if "X64" == "X86" (
call :GetWindowsSdkExePathHelper HKLM\SOFTWARE  1>nul 2>&1  
 if errorlevel 1 call :GetWindowsSdkExePathHelper HKCU\SOFTWARE  1>nul 2>&1 
)  else (
call :GetWindowsSdkExePathHelper HKLM\SOFTWARE\Wow6432Node  1>nul 2>&1  
 if errorlevel 1 call :GetWindowsSdkExePathHelper HKCU\SOFTWARE\Wow6432Node  1>nul 2>&1  
 if errorlevel 1 call :GetWindowsSdkExePathHelper HKLM\SOFTWARE  1>nul 2>&1  
 if errorlevel 1 call :GetWindowsSdkExePathHelper HKCU\SOFTWARE  1>nul 2>&1 
) 

D:\ProjectsLocal\C++Test>set __netfxsdk_script_arch= 

D:\ProjectsLocal\C++Test>exit /B 0 

D:\ProjectsLocal\C++Test>if "0" NEQ "0" set __netfx_script_errcount=1 

D:\ProjectsLocal\C++Test>if /I "x86" == "x86" set "__NETFX_TARGET_DIR=\x86" 

D:\ProjectsLocal\C++Test>if /I "x86" == "x64" set "__NETFX_TARGET_DIR=\x64" 

D:\ProjectsLocal\C++Test>if /I "x86" == "arm" set "__NETFX_TARGET_DIR=\arm" 

D:\ProjectsLocal\C++Test>if /I "x86" == "arm64" set "__NETFX_TARGET_DIR=\arm64" 

D:\ProjectsLocal\C++Test>goto :export_env 

D:\ProjectsLocal\C++Test>if "C:\Program Files (x86)\Windows Kits\NETFXSDK\4.8\" == "" goto :export_bin 

D:\ProjectsLocal\C++Test>if "\x86" == "" (
 
 set __netfx_script_errcount=1  
 goto :end 
) 

D:\ProjectsLocal\C++Test>if EXIST "C:\Program Files (x86)\Windows Kits\NETFXSDK\4.8\include\um" set "__VSCMD_NETFX_INCLUDE=C:\Program Files (x86)\Windows Kits\NETFXSDK\4.8\include\um;" 

D:\ProjectsLocal\C++Test>if EXIST "C:\Program Files (x86)\Windows Kits\NETFXSDK\4.8\lib\um\x86" set "LIB=C:\Program Files (x86)\Windows Kits\NETFXSDK\4.8\lib\um\x86;C:\Program Files (x86)\Windows Kits\10\lib\10.0.22621.0\ucrt\x86;C:\Program Files (x86)\Windows Kits\10\\lib\10.0.22621.0\\um\x86;C:\Program Files\Microsoft Visual Studio\2022\Preview\VC\Tools\MSVC\14.42.34430\ATLMFC\lib\x86;C:\Program Files\Microsoft Visual Studio\2022\Preview\VC\Tools\MSVC\14.42.34430\lib\x86;C:\Program Files (x86)\Windows Kits\NETFXSDK\4.8\lib\um\x86;C:\Program Files (x86)\Windows Kits\10\lib\10.0.22621.0\ucrt\x86;C:\Program Files (x86)\Windows Kits\10\\lib\10.0.22621.0\\um\x86" 

D:\ProjectsLocal\C++Test>if /I "x86" == "x86" goto :export_x86 

D:\ProjectsLocal\C++Test>if not "C:\Program Files (x86)\Microsoft SDKs\Windows\v10.0A\bin\NETFX 4.8 Tools\" == "" set "PATH=C:\Program Files (x86)\Microsoft SDKs\Windows\v10.0A\bin\NETFX 4.8 Tools\;C:\Program Files\Microsoft Visual Studio\2022\Preview\Team Tools\DiagnosticsHub\Collector;C:\Program Files (x86)\Windows Kits\10\bin\10.0.22621.0\\x86;C:\Program Files (x86)\Windows Kits\10\bin\\x86;C:\Program Files\Microsoft Visual Studio\2022\Preview\\MSBuild\Current\Bin\amd64;C:\Windows\Microsoft.NET\Framework\v4.0.30319;C:\Program Files\Microsoft Visual Studio\2022\Preview\Common7\IDE\;C:\Program Files\Microsoft Visual Studio\2022\Preview\Common7\Tools\;C:\Program Files\Microsoft Visual Studio\2022\Preview\VC\Tools\MSVC\14.42.34430\bin\HostX86\x86;C:\Program Files\Microsoft Visual Studio\2022\Preview\Common7\IDE\VC\VCPackages;C:\Program Files\Microsoft Visual Studio\2022\Preview\Common7\IDE\CommonExtensions\Microsoft\TestWindow;C:\Program Files\Microsoft Visual Studio\2022\Preview\Common7\IDE\CommonExtensions\Microsoft\TeamFoundation\Team Explorer;C:\Program Files\Microsoft Visual Studio\2022\Preview\MSBuild\Current\bin\Roslyn;C:\Program Files (x86)\Microsoft SDKs\Windows\v10.0A\bin\NETFX 4.8 Tools\;C:\Program Files\Microsoft Visual Studio\2022\Preview\Team Tools\DiagnosticsHub\Collector;C:\Program Files (x86)\Windows Kits\10\bin\10.0.22621.0\\x86;C:\Program Files (x86)\Windows Kits\10\bin\\x86;C:\Program Files\Microsoft Visual Studio\2022\Preview\\MSBuild\Current\Bin\amd64;C:\Windows\Microsoft.NET\Framework\v4.0.30319;C:\Program Files\Microsoft Visual Studio\2022\Preview\Common7\IDE\;C:\Program Files\Microsoft Visual Studio\2022\Preview\Common7\Tools\;C:\Python312\Scripts\;C:\Python312\;C:\WINDOWS\system32;C:\WINDOWS;C:\WINDOWS\System32\Wbem;C:\WINDOWS\System32\WindowsPowerShell\v1.0\;C:\WINDOWS\System32\OpenSSH\;C:\ProgramData\chocolatey\bin;C:\Program Files\Microsoft SQL Server\150\Tools\Binn\;C:\Program Files\Microsoft SQL Server\Client SDK\ODBC\170\Tools\Binn\;C:\Program Files\dotnet\;C:\Tools\zstd-v1.5.6-win64;C:\Program Files\nodejs\;C:\Program Files\PostgreSQL\16\bin;C:\Program Files\Git\cmd;C:\Program Files\Git\mingw64\bin;C:\Program Files (x86)\Windows Kits\10\Windows Performance Toolkit\;C:\Users\Shtekata\AppData\Local\pnpm;C:\Users\Shtekata\AppData\Local\Microsoft\WindowsApps;C:\Users\Shtekata\.dotnet\tools;C:\Users\Shtekata\AppData\Local\Programs\Microsoft VS Code\bin;C:\Program Files (x86)\Nmap;C:\Users\Shtekata\AppData\Roaming\npm;;C:\Program Files\Microsoft Visual Studio\2022\Preview\Common7\IDE\CommonExtensions\Microsoft\CMake\CMake\bin;C:\Program Files\Microsoft Visual Studio\2022\Preview\Common7\IDE\CommonExtensions\Microsoft\CMake\Ninja;C:\Program Files\Microsoft Visual Studio\2022\Preview\Common7\IDE\VC\Linux\bin\ConnectionManagerExe;C:\Program Files\Microsoft Visual Studio\2022\Preview\VC\vcpkg;C:\Program Files\Microsoft Visual Studio\2022\Preview\Common7\IDE\CommonExtensions\Microsoft\CMake\CMake\bin;C:\Program Files\Microsoft Visual Studio\2022\Preview\Common7\IDE\CommonExtensions\Microsoft\CMake\Ninja;C:\Program Files\Microsoft Visual Studio\2022\Preview\Common7\IDE\VC\Linux\bin\ConnectionManagerExe" 

D:\ProjectsLocal\C++Test>goto :end 

D:\ProjectsLocal\C++Test>set __NETFX_TARGET_DIR= 

D:\ProjectsLocal\C++Test>if "0" NEQ "0" (
set __netfx_script_errcount=  
 exit /B 1 
) 

D:\ProjectsLocal\C++Test>set __netfx_script_errcount= 

D:\ProjectsLocal\C++Test>exit /B 0 

D:\ProjectsLocal\C++Test>set __VSCMD_INTERNAL_INIT_STATE= 

D:\ProjectsLocal\C++Test>if "0" NEQ "0" (
if "3" NEQ ""  
 set /A __vscmd_vsdevcmd_errcount=__vscmd_vsdevcmd_errcount+1  
 exit /B 1 
)  else (if "3" GEQ "1" ) 
[DEBUG:ext\netfxsdk.bat] init:COMPLETE

D:\ProjectsLocal\C++Test>exit /B 0 

D:\ProjectsLocal\C++Test>(call :call_script_helper ext\perf_tools.bat ) 

D:\ProjectsLocal\C++Test>if NOT EXIST "C:\Program Files\Microsoft Visual Studio\2022\Preview\Common7\Tools\vsdevcmd\ext\perf_tools.bat" (
 
 set /A __vscmd_vsdevcmd_errcount=__vscmd_vsdevcmd_errcount+1  
 exit /B 1 
) 

D:\ProjectsLocal\C++Test>if "" NEQ "" set __VSCMD_INTERNAL_INIT_STATE=test 

D:\ProjectsLocal\C++Test>if "" NEQ "" set __VSCMD_INTERNAL_INIT_STATE=clean 

D:\ProjectsLocal\C++Test>if "3" GEQ "1" 
[DEBUG:VsDevCmd.bat] calling "ext\perf_tools.bat"

D:\ProjectsLocal\C++Test>call "C:\Program Files\Microsoft Visual Studio\2022\Preview\Common7\Tools\vsdevcmd\ext\perf_tools.bat" 

D:\ProjectsLocal\C++Test>if "" NEQ "" goto :test 

D:\ProjectsLocal\C++Test>if "" NEQ "" goto :clean_env 

D:\ProjectsLocal\C++Test>if "3" GEQ "3" (
 
  
  
 call :perf_tools_query_verbose  
 goto :export_path 
) 

D:\ProjectsLocal\C++Test>call :perf_tools_query_helper HKLM\SOFTWARE  

D:\ProjectsLocal\C++Test>for /F "tokens=1,2*" %i in ('reg query "HKLM\SOFTWARE\Microsoft\VisualStudio\VSPerf" /v "CollectionToolsDir2019"') DO (if "%i" == "CollectionToolsDir2019" (SET "__collection_tools=%k" ) ) 
ERROR: The system was unable to find the specified registry key or value.

D:\ProjectsLocal\C++Test>(if "Active" == "CollectionToolsDir2019" (SET "__collection_tools=page: 1252" ) ) 

D:\ProjectsLocal\C++Test>if "3" GEQ "2" echo [DEBUG:~nx0] after reg query 'HKLM\SOFTWARE', __collection_tools='' 
[DEBUG:~nx0] after reg query 'HKLM\SOFTWARE', __collection_tools=''

D:\ProjectsLocal\C++Test>exit /B 0 

D:\ProjectsLocal\C++Test>call :perf_tools_query_helper HKLM\SOFTWARE\Wow6432Node  

D:\ProjectsLocal\C++Test>for /F "tokens=1,2*" %i in ('reg query "HKLM\SOFTWARE\Wow6432Node\Microsoft\VisualStudio\VSPerf" /v "CollectionToolsDir2019"') DO (if "%i" == "CollectionToolsDir2019" (SET "__collection_tools=%k" ) ) 
ERROR: The system was unable to find the specified registry key or value.

D:\ProjectsLocal\C++Test>(if "Active" == "CollectionToolsDir2019" (SET "__collection_tools=page: 1252" ) ) 

D:\ProjectsLocal\C++Test>if "3" GEQ "2" echo [DEBUG:~nx0] after reg query 'HKLM\SOFTWARE\Wow6432Node', __collection_tools='' 
[DEBUG:~nx0] after reg query 'HKLM\SOFTWARE\Wow6432Node', __collection_tools=''

D:\ProjectsLocal\C++Test>exit /B 0 

D:\ProjectsLocal\C++Test>exit /B 0 

D:\ProjectsLocal\C++Test>if not exist "" goto :after_processing_collection_tools 

D:\ProjectsLocal\C++Test>set __collection_tools= 

D:\ProjectsLocal\C++Test>goto :end 

D:\ProjectsLocal\C++Test>exit /B 0 

D:\ProjectsLocal\C++Test>set __VSCMD_INTERNAL_INIT_STATE= 

D:\ProjectsLocal\C++Test>if "0" NEQ "0" (
if "3" NEQ ""  
 set /A __vscmd_vsdevcmd_errcount=__vscmd_vsdevcmd_errcount+1  
 exit /B 1 
)  else (if "3" GEQ "1" ) 
[DEBUG:ext\perf_tools.bat] init:COMPLETE

D:\ProjectsLocal\C++Test>exit /B 0 

D:\ProjectsLocal\C++Test>(call :call_script_helper ext\roslyn.bat ) 

D:\ProjectsLocal\C++Test>if NOT EXIST "C:\Program Files\Microsoft Visual Studio\2022\Preview\Common7\Tools\vsdevcmd\ext\roslyn.bat" (
 
 set /A __vscmd_vsdevcmd_errcount=__vscmd_vsdevcmd_errcount+1  
 exit /B 1 
) 

D:\ProjectsLocal\C++Test>if "" NEQ "" set __VSCMD_INTERNAL_INIT_STATE=test 

D:\ProjectsLocal\C++Test>if "" NEQ "" set __VSCMD_INTERNAL_INIT_STATE=clean 

D:\ProjectsLocal\C++Test>if "3" GEQ "1" 
[DEBUG:VsDevCmd.bat] calling "ext\roslyn.bat"

D:\ProjectsLocal\C++Test>call "C:\Program Files\Microsoft Visual Studio\2022\Preview\Common7\Tools\vsdevcmd\ext\roslyn.bat" 

D:\ProjectsLocal\C++Test>set __VSCMD_script_err_count=0 

D:\ProjectsLocal\C++Test>if "" NEQ "" goto :test 

D:\ProjectsLocal\C++Test>if "" NEQ "" goto :clean_env 

D:\ProjectsLocal\C++Test>set "PATH=C:\Program Files\Microsoft Visual Studio\2022\Preview\MSBuild\Current\bin\Roslyn;C:\Program Files (x86)\Microsoft SDKs\Windows\v10.0A\bin\NETFX 4.8 Tools\;C:\Program Files\Microsoft Visual Studio\2022\Preview\Team Tools\DiagnosticsHub\Collector;C:\Program Files (x86)\Windows Kits\10\bin\10.0.22621.0\\x86;C:\Program Files (x86)\Windows Kits\10\bin\\x86;C:\Program Files\Microsoft Visual Studio\2022\Preview\\MSBuild\Current\Bin\amd64;C:\Windows\Microsoft.NET\Framework\v4.0.30319;C:\Program Files\Microsoft Visual Studio\2022\Preview\Common7\IDE\;C:\Program Files\Microsoft Visual Studio\2022\Preview\Common7\Tools\;C:\Program Files\Microsoft Visual Studio\2022\Preview\VC\Tools\MSVC\14.42.34430\bin\HostX86\x86;C:\Program Files\Microsoft Visual Studio\2022\Preview\Common7\IDE\VC\VCPackages;C:\Program Files\Microsoft Visual Studio\2022\Preview\Common7\IDE\CommonExtensions\Microsoft\TestWindow;C:\Program Files\Microsoft Visual Studio\2022\Preview\Common7\IDE\CommonExtensions\Microsoft\TeamFoundation\Team Explorer;C:\Program Files\Microsoft Visual Studio\2022\Preview\MSBuild\Current\bin\Roslyn;C:\Program Files (x86)\Microsoft SDKs\Windows\v10.0A\bin\NETFX 4.8 Tools\;C:\Program Files\Microsoft Visual Studio\2022\Preview\Team Tools\DiagnosticsHub\Collector;C:\Program Files (x86)\Windows Kits\10\bin\10.0.22621.0\\x86;C:\Program Files (x86)\Windows Kits\10\bin\\x86;C:\Program Files\Microsoft Visual Studio\2022\Preview\\MSBuild\Current\Bin\amd64;C:\Windows\Microsoft.NET\Framework\v4.0.30319;C:\Program Files\Microsoft Visual Studio\2022\Preview\Common7\IDE\;C:\Program Files\Microsoft Visual Studio\2022\Preview\Common7\Tools\;C:\Python312\Scripts\;C:\Python312\;C:\WINDOWS\system32;C:\WINDOWS;C:\WINDOWS\System32\Wbem;C:\WINDOWS\System32\WindowsPowerShell\v1.0\;C:\WINDOWS\System32\OpenSSH\;C:\ProgramData\chocolatey\bin;C:\Program Files\Microsoft SQL Server\150\Tools\Binn\;C:\Program Files\Microsoft SQL Server\Client SDK\ODBC\170\Tools\Binn\;C:\Program Files\dotnet\;C:\Tools\zstd-v1.5.6-win64;C:\Program Files\nodejs\;C:\Program Files\PostgreSQL\16\bin;C:\Program Files\Git\cmd;C:\Program Files\Git\mingw64\bin;C:\Program Files (x86)\Windows Kits\10\Windows Performance Toolkit\;C:\Users\Shtekata\AppData\Local\pnpm;C:\Users\Shtekata\AppData\Local\Microsoft\WindowsApps;C:\Users\Shtekata\.dotnet\tools;C:\Users\Shtekata\AppData\Local\Programs\Microsoft VS Code\bin;C:\Program Files (x86)\Nmap;C:\Users\Shtekata\AppData\Roaming\npm;;C:\Program Files\Microsoft Visual Studio\2022\Preview\Common7\IDE\CommonExtensions\Microsoft\CMake\CMake\bin;C:\Program Files\Microsoft Visual Studio\2022\Preview\Common7\IDE\CommonExtensions\Microsoft\CMake\Ninja;C:\Program Files\Microsoft Visual Studio\2022\Preview\Common7\IDE\VC\Linux\bin\ConnectionManagerExe;C:\Program Files\Microsoft Visual Studio\2022\Preview\VC\vcpkg;C:\Program Files\Microsoft Visual Studio\2022\Preview\Common7\IDE\CommonExtensions\Microsoft\CMake\CMake\bin;C:\Program Files\Microsoft Visual Studio\2022\Preview\Common7\IDE\CommonExtensions\Microsoft\CMake\Ninja;C:\Program Files\Microsoft Visual Studio\2022\Preview\Common7\IDE\VC\Linux\bin\ConnectionManagerExe" 

D:\ProjectsLocal\C++Test>goto :end 

D:\ProjectsLocal\C++Test>if "0" NEQ "0" (
set __VSCMD_script_err_count=  
 exit /B 1 
) 

D:\ProjectsLocal\C++Test>set __VSCMD_script_err_count= 

D:\ProjectsLocal\C++Test>exit /B 0 

D:\ProjectsLocal\C++Test>set __VSCMD_INTERNAL_INIT_STATE= 

D:\ProjectsLocal\C++Test>if "0" NEQ "0" (
if "3" NEQ ""  
 set /A __vscmd_vsdevcmd_errcount=__vscmd_vsdevcmd_errcount+1  
 exit /B 1 
)  else (if "3" GEQ "1" ) 
[DEBUG:ext\roslyn.bat] init:COMPLETE

D:\ProjectsLocal\C++Test>exit /B 0 

D:\ProjectsLocal\C++Test>(call :call_script_helper ext\team_explorer.bat ) 

D:\ProjectsLocal\C++Test>if NOT EXIST "C:\Program Files\Microsoft Visual Studio\2022\Preview\Common7\Tools\vsdevcmd\ext\team_explorer.bat" (
 
 set /A __vscmd_vsdevcmd_errcount=__vscmd_vsdevcmd_errcount+1  
 exit /B 1 
) 

D:\ProjectsLocal\C++Test>if "" NEQ "" set __VSCMD_INTERNAL_INIT_STATE=test 

D:\ProjectsLocal\C++Test>if "" NEQ "" set __VSCMD_INTERNAL_INIT_STATE=clean 

D:\ProjectsLocal\C++Test>if "3" GEQ "1" 
[DEBUG:VsDevCmd.bat] calling "ext\team_explorer.bat"

D:\ProjectsLocal\C++Test>call "C:\Program Files\Microsoft Visual Studio\2022\Preview\Common7\Tools\vsdevcmd\ext\team_explorer.bat" 

D:\ProjectsLocal\C++Test>set __VSCMD_script_err_count=0 

D:\ProjectsLocal\C++Test>if "" NEQ "" goto :test 

D:\ProjectsLocal\C++Test>if "" NEQ "" goto :clean_env 

D:\ProjectsLocal\C++Test>set "__team_explorer_path=C:\Program Files\Microsoft Visual Studio\2022\Preview\Common7\IDE\CommonExtensions\Microsoft\TeamFoundation\Team Explorer" 

D:\ProjectsLocal\C++Test>if NOT EXIST "C:\Program Files\Microsoft Visual Studio\2022\Preview\Common7\IDE\CommonExtensions\Microsoft\TeamFoundation\Team Explorer" (goto :end ) 

D:\ProjectsLocal\C++Test>set "PATH=C:\Program Files\Microsoft Visual Studio\2022\Preview\Common7\IDE\CommonExtensions\Microsoft\TeamFoundation\Team Explorer;C:\Program Files\Microsoft Visual Studio\2022\Preview\MSBuild\Current\bin\Roslyn;C:\Program Files (x86)\Microsoft SDKs\Windows\v10.0A\bin\NETFX 4.8 Tools\;C:\Program Files\Microsoft Visual Studio\2022\Preview\Team Tools\DiagnosticsHub\Collector;C:\Program Files (x86)\Windows Kits\10\bin\10.0.22621.0\\x86;C:\Program Files (x86)\Windows Kits\10\bin\\x86;C:\Program Files\Microsoft Visual Studio\2022\Preview\\MSBuild\Current\Bin\amd64;C:\Windows\Microsoft.NET\Framework\v4.0.30319;C:\Program Files\Microsoft Visual Studio\2022\Preview\Common7\IDE\;C:\Program Files\Microsoft Visual Studio\2022\Preview\Common7\Tools\;C:\Program Files\Microsoft Visual Studio\2022\Preview\VC\Tools\MSVC\14.42.34430\bin\HostX86\x86;C:\Program Files\Microsoft Visual Studio\2022\Preview\Common7\IDE\VC\VCPackages;C:\Program Files\Microsoft Visual Studio\2022\Preview\Common7\IDE\CommonExtensions\Microsoft\TestWindow;C:\Program Files\Microsoft Visual Studio\2022\Preview\Common7\IDE\CommonExtensions\Microsoft\TeamFoundation\Team Explorer;C:\Program Files\Microsoft Visual Studio\2022\Preview\MSBuild\Current\bin\Roslyn;C:\Program Files (x86)\Microsoft SDKs\Windows\v10.0A\bin\NETFX 4.8 Tools\;C:\Program Files\Microsoft Visual Studio\2022\Preview\Team Tools\DiagnosticsHub\Collector;C:\Program Files (x86)\Windows Kits\10\bin\10.0.22621.0\\x86;C:\Program Files (x86)\Windows Kits\10\bin\\x86;C:\Program Files\Microsoft Visual Studio\2022\Preview\\MSBuild\Current\Bin\amd64;C:\Windows\Microsoft.NET\Framework\v4.0.30319;C:\Program Files\Microsoft Visual Studio\2022\Preview\Common7\IDE\;C:\Program Files\Microsoft Visual Studio\2022\Preview\Common7\Tools\;C:\Python312\Scripts\;C:\Python312\;C:\WINDOWS\system32;C:\WINDOWS;C:\WINDOWS\System32\Wbem;C:\WINDOWS\System32\WindowsPowerShell\v1.0\;C:\WINDOWS\System32\OpenSSH\;C:\ProgramData\chocolatey\bin;C:\Program Files\Microsoft SQL Server\150\Tools\Binn\;C:\Program Files\Microsoft SQL Server\Client SDK\ODBC\170\Tools\Binn\;C:\Program Files\dotnet\;C:\Tools\zstd-v1.5.6-win64;C:\Program Files\nodejs\;C:\Program Files\PostgreSQL\16\bin;C:\Program Files\Git\cmd;C:\Program Files\Git\mingw64\bin;C:\Program Files (x86)\Windows Kits\10\Windows Performance Toolkit\;C:\Users\Shtekata\AppData\Local\pnpm;C:\Users\Shtekata\AppData\Local\Microsoft\WindowsApps;C:\Users\Shtekata\.dotnet\tools;C:\Users\Shtekata\AppData\Local\Programs\Microsoft VS Code\bin;C:\Program Files (x86)\Nmap;C:\Users\Shtekata\AppData\Roaming\npm;;C:\Program Files\Microsoft Visual Studio\2022\Preview\Common7\IDE\CommonExtensions\Microsoft\CMake\CMake\bin;C:\Program Files\Microsoft Visual Studio\2022\Preview\Common7\IDE\CommonExtensions\Microsoft\CMake\Ninja;C:\Program Files\Microsoft Visual Studio\2022\Preview\Common7\IDE\VC\Linux\bin\ConnectionManagerExe;C:\Program Files\Microsoft Visual Studio\2022\Preview\VC\vcpkg;C:\Program Files\Microsoft Visual Studio\2022\Preview\Common7\IDE\CommonExtensions\Microsoft\CMake\CMake\bin;C:\Program Files\Microsoft Visual Studio\2022\Preview\Common7\IDE\CommonExtensions\Microsoft\CMake\Ninja;C:\Program Files\Microsoft Visual Studio\2022\Preview\Common7\IDE\VC\Linux\bin\ConnectionManagerExe"    

D:\ProjectsLocal\C++Test>goto :end 

D:\ProjectsLocal\C++Test>set __team_explorer_path= 

D:\ProjectsLocal\C++Test>if "0" NEQ "0" (
set __VSCMD_script_err_count=  
 exit /B 1 
) 

D:\ProjectsLocal\C++Test>set __VSCMD_script_err_count= 

D:\ProjectsLocal\C++Test>exit /B 0 

D:\ProjectsLocal\C++Test>set __VSCMD_INTERNAL_INIT_STATE= 

D:\ProjectsLocal\C++Test>if "0" NEQ "0" (
if "3" NEQ ""  
 set /A __vscmd_vsdevcmd_errcount=__vscmd_vsdevcmd_errcount+1  
 exit /B 1 
)  else (if "3" GEQ "1" ) 
[DEBUG:ext\team_explorer.bat] init:COMPLETE

D:\ProjectsLocal\C++Test>exit /B 0 

D:\ProjectsLocal\C++Test>(call :call_script_helper ext\testwindow.bat ) 

D:\ProjectsLocal\C++Test>if NOT EXIST "C:\Program Files\Microsoft Visual Studio\2022\Preview\Common7\Tools\vsdevcmd\ext\testwindow.bat" (
 
 set /A __vscmd_vsdevcmd_errcount=__vscmd_vsdevcmd_errcount+1  
 exit /B 1 
) 

D:\ProjectsLocal\C++Test>if "" NEQ "" set __VSCMD_INTERNAL_INIT_STATE=test 

D:\ProjectsLocal\C++Test>if "" NEQ "" set __VSCMD_INTERNAL_INIT_STATE=clean 

D:\ProjectsLocal\C++Test>if "3" GEQ "1" 
[DEBUG:VsDevCmd.bat] calling "ext\testwindow.bat"

D:\ProjectsLocal\C++Test>call "C:\Program Files\Microsoft Visual Studio\2022\Preview\Common7\Tools\vsdevcmd\ext\testwindow.bat" 

D:\ProjectsLocal\C++Test>if "" NEQ "" goto :test 

D:\ProjectsLocal\C++Test>if "" NEQ "" goto :clean_env 

D:\ProjectsLocal\C++Test>if exist "C:\Program Files\Microsoft Visual Studio\2022\Preview\Common7\IDE\CommonExtensions\Microsoft\TestWindow" set "PATH=C:\Program Files\Microsoft Visual Studio\2022\Preview\Common7\IDE\CommonExtensions\Microsoft\TestWindow;C:\Program Files\Microsoft Visual Studio\2022\Preview\Common7\IDE\CommonExtensions\Microsoft\TeamFoundation\Team Explorer;C:\Program Files\Microsoft Visual Studio\2022\Preview\MSBuild\Current\bin\Roslyn;C:\Program Files (x86)\Microsoft SDKs\Windows\v10.0A\bin\NETFX 4.8 Tools\;C:\Program Files\Microsoft Visual Studio\2022\Preview\Team Tools\DiagnosticsHub\Collector;C:\Program Files (x86)\Windows Kits\10\bin\10.0.22621.0\\x86;C:\Program Files (x86)\Windows Kits\10\bin\\x86;C:\Program Files\Microsoft Visual Studio\2022\Preview\\MSBuild\Current\Bin\amd64;C:\Windows\Microsoft.NET\Framework\v4.0.30319;C:\Program Files\Microsoft Visual Studio\2022\Preview\Common7\IDE\;C:\Program Files\Microsoft Visual Studio\2022\Preview\Common7\Tools\;C:\Program Files\Microsoft Visual Studio\2022\Preview\VC\Tools\MSVC\14.42.34430\bin\HostX86\x86;C:\Program Files\Microsoft Visual Studio\2022\Preview\Common7\IDE\VC\VCPackages;C:\Program Files\Microsoft Visual Studio\2022\Preview\Common7\IDE\CommonExtensions\Microsoft\TestWindow;C:\Program Files\Microsoft Visual Studio\2022\Preview\Common7\IDE\CommonExtensions\Microsoft\TeamFoundation\Team Explorer;C:\Program Files\Microsoft Visual Studio\2022\Preview\MSBuild\Current\bin\Roslyn;C:\Program Files (x86)\Microsoft SDKs\Windows\v10.0A\bin\NETFX 4.8 Tools\;C:\Program Files\Microsoft Visual Studio\2022\Preview\Team Tools\DiagnosticsHub\Collector;C:\Program Files (x86)\Windows Kits\10\bin\10.0.22621.0\\x86;C:\Program Files (x86)\Windows Kits\10\bin\\x86;C:\Program Files\Microsoft Visual Studio\2022\Preview\\MSBuild\Current\Bin\amd64;C:\Windows\Microsoft.NET\Framework\v4.0.30319;C:\Program Files\Microsoft Visual Studio\2022\Preview\Common7\IDE\;C:\Program Files\Microsoft Visual Studio\2022\Preview\Common7\Tools\;C:\Python312\Scripts\;C:\Python312\;C:\WINDOWS\system32;C:\WINDOWS;C:\WINDOWS\System32\Wbem;C:\WINDOWS\System32\WindowsPowerShell\v1.0\;C:\WINDOWS\System32\OpenSSH\;C:\ProgramData\chocolatey\bin;C:\Program Files\Microsoft SQL Server\150\Tools\Binn\;C:\Program Files\Microsoft SQL Server\Client SDK\ODBC\170\Tools\Binn\;C:\Program Files\dotnet\;C:\Tools\zstd-v1.5.6-win64;C:\Program Files\nodejs\;C:\Program Files\PostgreSQL\16\bin;C:\Program Files\Git\cmd;C:\Program Files\Git\mingw64\bin;C:\Program Files (x86)\Windows Kits\10\Windows Performance Toolkit\;C:\Users\Shtekata\AppData\Local\pnpm;C:\Users\Shtekata\AppData\Local\Microsoft\WindowsApps;C:\Users\Shtekata\.dotnet\tools;C:\Users\Shtekata\AppData\Local\Programs\Microsoft VS Code\bin;C:\Program Files (x86)\Nmap;C:\Users\Shtekata\AppData\Roaming\npm;;C:\Program Files\Microsoft Visual Studio\2022\Preview\Common7\IDE\CommonExtensions\Microsoft\CMake\CMake\bin;C:\Program Files\Microsoft Visual Studio\2022\Preview\Common7\IDE\CommonExtensions\Microsoft\CMake\Ninja;C:\Program Files\Microsoft Visual Studio\2022\Preview\Common7\IDE\VC\Linux\bin\ConnectionManagerExe;C:\Program Files\Microsoft Visual Studio\2022\Preview\VC\vcpkg;C:\Program Files\Microsoft Visual Studio\2022\Preview\Common7\IDE\CommonExtensions\Microsoft\CMake\CMake\bin;C:\Program Files\Microsoft Visual Studio\2022\Preview\Common7\IDE\CommonExtensions\Microsoft\CMake\Ninja;C:\Program Files\Microsoft Visual Studio\2022\Preview\Common7\IDE\VC\Linux\bin\ConnectionManagerExe" 

D:\ProjectsLocal\C++Test>goto :end 

D:\ProjectsLocal\C++Test>exit /B 0 

D:\ProjectsLocal\C++Test>set __VSCMD_INTERNAL_INIT_STATE= 

D:\ProjectsLocal\C++Test>if "0" NEQ "0" (
if "3" NEQ ""  
 set /A __vscmd_vsdevcmd_errcount=__vscmd_vsdevcmd_errcount+1  
 exit /B 1 
)  else (if "3" GEQ "1" ) 
[DEBUG:ext\testwindow.bat] init:COMPLETE

D:\ProjectsLocal\C++Test>exit /B 0 

D:\ProjectsLocal\C++Test>(call :call_script_helper ext\vcpkg.bat ) 

D:\ProjectsLocal\C++Test>if NOT EXIST "C:\Program Files\Microsoft Visual Studio\2022\Preview\Common7\Tools\vsdevcmd\ext\vcpkg.bat" (
 
 set /A __vscmd_vsdevcmd_errcount=__vscmd_vsdevcmd_errcount+1  
 exit /B 1 
) 

D:\ProjectsLocal\C++Test>if "" NEQ "" set __VSCMD_INTERNAL_INIT_STATE=test 

D:\ProjectsLocal\C++Test>if "" NEQ "" set __VSCMD_INTERNAL_INIT_STATE=clean 

D:\ProjectsLocal\C++Test>if "3" GEQ "1" 
[DEBUG:VsDevCmd.bat] calling "ext\vcpkg.bat"

D:\ProjectsLocal\C++Test>call "C:\Program Files\Microsoft Visual Studio\2022\Preview\Common7\Tools\vsdevcmd\ext\vcpkg.bat" 

D:\ProjectsLocal\C++Test>if "" NEQ "" goto :test 

D:\ProjectsLocal\C++Test>if "" NEQ "" goto :clean_env 

D:\ProjectsLocal\C++Test>call "C:\Program Files\Microsoft Visual Studio\2022\Preview\VC\vcpkg\vcpkg-init.cmd"  1>nul 2>&1 
[DEBUG:ext\vcpkg.bat] init:COMPLETE
[DEBUG:VsDevCmd.bat] calling "ext\vcvars.bat"
[DEBUG:ext\vcvars.bat] VCToolsVersion = "14.42.34430"
[DEBUG:ext\vcvars.bat] Checking architecture { host , tgt } : { x86 , x86 }
[DEBUG:ext\vcvars.bat] Adding "C:\Program Files\Microsoft Visual Studio\2022\Preview\Common7\IDE\VC\VCPackages"
[DEBUG:ext\vcvars.bat] Microsoft.VCToolsVersion.v143.default.txt was found.
__VCVARS_REDIST_VERSION=14.42.34430
[DEBUG:ext\vcvars.bat] Could not add directory to IFCPATH: "C:\Program Files\Microsoft Visual Studio\2022\Preview\VC\Tools\MSVC\14.42.34430\ifc\x86"
[DEBUG:ext\vcvars.bat] Adding "C:\Program Files\Microsoft Visual Studio\2022\Preview\VC\Tools\MSVC\14.42.34430\bin\HostX86\x86"
[DEBUG:ext\vcvars.bat] init:COMPLETE
[DEBUG:VsDevCmd.bat] Sending telemetry
[DEBUG:core\vsdevcmd_end] initializing with arguments ''
[ERROR:VsDevCmd.bat] *** VsDevCmd.bat encountered errors. Environment may be incomplete and/or incorrect. ***
[ERROR:VsDevCmd.bat] In an uninitialized command prompt, please 'set VSCMD_DEBUG=[value]' and then re-run
[ERROR:VsDevCmd.bat] vsdevcmd.bat [args] for additional details.
[ERROR:VsDevCmd.bat] Where [value] is:
[ERROR:VsDevCmd.bat]    1 : basic debug logging
[ERROR:VsDevCmd.bat]    2 : detailed debug logging
[ERROR:VsDevCmd.bat]    3 : trace level logging. Redirection of output to a file when using this level is recommended.
[ERROR:VsDevCmd.bat] Example: set VSCMD_DEBUG=3
[ERROR:VsDevCmd.bat]          vsdevcmd.bat > vsdevcmd.trace.txt 2>&1
[DEBUG:VsDevCmd] Writing post-execution environment to C:\Users\Shtekata\AppData\Local\Temp\dd_vsdevcmd17_env.log
[DEBUG:VsDevCmd.bat] --------------------- VS Developer Command Prompt Environment [post-init] ---------------------
ALLUSERSPROFILE=C:\ProgramData
APPDATA=C:\Users\Shtekata\AppData\Roaming
ChocolateyInstall=C:\ProgramData\chocolatey
ChocolateyLastPathUpdate=133671948117770675
CommandPromptType=Native
CommonProgramFiles=C:\Program Files\Common Files
CommonProgramFiles(x86)=C:\Program Files (x86)\Common Files
CommonProgramW6432=C:\Program Files\Common Files
COMPLUS_FusionEnableForcedFullClosureWalk=1
COMPlus_ThreadPool_UsePortableThreadPool=0
COMPUTERNAME=SHTEKATA
ComSpec=C:\WINDOWS\system32\cmd.exe
DevEnvDir=C:\Program Files\Microsoft Visual Studio\2022\Preview\Common7\IDE\
DOTNET_MULTILEVEL_LOOKUP=0
DOTNET_STARTUP_HOOKS=
DOTNET_TC_CallCountThreshold=1000
DriverData=C:\Windows\System32\Drivers\DriverData
EFC_9660=1
ExtensionSdkDir=C:\Program Files (x86)\Microsoft SDKs\Windows Kits\10\ExtensionSDKs
EXTERNAL_INCLUDE=C:\Program Files\Microsoft Visual Studio\2022\Preview\VC\Tools\MSVC\14.42.34430\include;C:\Program Files\Microsoft Visual Studio\2022\Preview\VC\Tools\MSVC\14.42.34430\ATLMFC\include;C:\Program Files\Microsoft Visual Studio\2022\Preview\VC\Auxiliary\VS\include;C:\Program Files (x86)\Windows Kits\10\include\10.0.22621.0\ucrt;C:\Program Files (x86)\Windows Kits\10\\include\10.0.22621.0\\um;C:\Program Files (x86)\Windows Kits\10\\include\10.0.22621.0\\shared;C:\Program Files (x86)\Windows Kits\10\\include\10.0.22621.0\\winrt;C:\Program Files (x86)\Windows Kits\10\\include\10.0.22621.0\\cppwinrt;C:\Program Files (x86)\Windows Kits\NETFXSDK\4.8\include\um;C:\Program Files\Microsoft Visual Studio\2022\Preview\VC\Tools\MSVC\14.42.34430\include;C:\Program Files\Microsoft Visual Studio\2022\Preview\VC\Tools\MSVC\14.42.34430\ATLMFC\include;C:\Program Files\Microsoft Visual Studio\2022\Preview\VC\Auxiliary\VS\include;C:\Program Files (x86)\Windows Kits\10\include\10.0.22621.0\ucrt;C:\Program Files (x86)\Windows Kits\10\\include\10.0.22621.0\\um;C:\Program Files (x86)\Windows Kits\10\\include\10.0.22621.0\\shared;C:\Program Files (x86)\Windows Kits\10\\include\10.0.22621.0\\winrt;C:\Program Files (x86)\Windows Kits\10\\include\10.0.22621.0\\cppwinrt;C:\Program Files (x86)\Windows Kits\NETFXSDK\4.8\include\um
FPS_BROWSER_APP_PROFILE_STRING=Internet Explorer
FPS_BROWSER_USER_PROFILE_STRING=Default
Framework40Version=v4.0
FrameworkDir=C:\Windows\Microsoft.NET\Framework\
FrameworkDir32=C:\Windows\Microsoft.NET\Framework\
FrameworkVersion=v4.0.30319
FrameworkVersion32=v4.0.30319
HOMEDRIVE=C:
HOMEPATH=\Users\Shtekata
INCLUDE=C:\Program Files\Microsoft Visual Studio\2022\Preview\VC\Tools\MSVC\14.42.34430\include;C:\Program Files\Microsoft Visual Studio\2022\Preview\VC\Tools\MSVC\14.42.34430\ATLMFC\include;C:\Program Files\Microsoft Visual Studio\2022\Preview\VC\Auxiliary\VS\include;C:\Program Files (x86)\Windows Kits\10\include\10.0.22621.0\ucrt;C:\Program Files (x86)\Windows Kits\10\\include\10.0.22621.0\\um;C:\Program Files (x86)\Windows Kits\10\\include\10.0.22621.0\\shared;C:\Program Files (x86)\Windows Kits\10\\include\10.0.22621.0\\winrt;C:\Program Files (x86)\Windows Kits\10\\include\10.0.22621.0\\cppwinrt;C:\Program Files (x86)\Windows Kits\NETFXSDK\4.8\include\um;C:\Program Files\Microsoft Visual Studio\2022\Preview\VC\Tools\MSVC\14.42.34430\include;C:\Program Files\Microsoft Visual Studio\2022\Preview\VC\Tools\MSVC\14.42.34430\ATLMFC\include;C:\Program Files\Microsoft Visual Studio\2022\Preview\VC\Auxiliary\VS\include;C:\Program Files (x86)\Windows Kits\10\include\10.0.22621.0\ucrt;C:\Program Files (x86)\Windows Kits\10\\include\10.0.22621.0\\um;C:\Program Files (x86)\Windows Kits\10\\include\10.0.22621.0\\shared;C:\Program Files (x86)\Windows Kits\10\\include\10.0.22621.0\\winrt;C:\Program Files (x86)\Windows Kits\10\\include\10.0.22621.0\\cppwinrt;C:\Program Files (x86)\Windows Kits\NETFXSDK\4.8\include\um
LIB=C:\Program Files\Microsoft Visual Studio\2022\Preview\VC\Tools\MSVC\14.42.34430\ATLMFC\lib\x86;C:\Program Files\Microsoft Visual Studio\2022\Preview\VC\Tools\MSVC\14.42.34430\lib\x86;C:\Program Files (x86)\Windows Kits\NETFXSDK\4.8\lib\um\x86;C:\Program Files (x86)\Windows Kits\10\lib\10.0.22621.0\ucrt\x86;C:\Program Files (x86)\Windows Kits\10\\lib\10.0.22621.0\\um\x86;C:\Program Files\Microsoft Visual Studio\2022\Preview\VC\Tools\MSVC\14.42.34430\ATLMFC\lib\x86;C:\Program Files\Microsoft Visual Studio\2022\Preview\VC\Tools\MSVC\14.42.34430\lib\x86;C:\Program Files (x86)\Windows Kits\NETFXSDK\4.8\lib\um\x86;C:\Program Files (x86)\Windows Kits\10\lib\10.0.22621.0\ucrt\x86;C:\Program Files (x86)\Windows Kits\10\\lib\10.0.22621.0\\um\x86
LIBPATH=C:\Program Files\Microsoft Visual Studio\2022\Preview\VC\Tools\MSVC\14.42.34430\ATLMFC\lib\x86;C:\Program Files\Microsoft Visual Studio\2022\Preview\VC\Tools\MSVC\14.42.34430\lib\x86;C:\Program Files\Microsoft Visual Studio\2022\Preview\VC\Tools\MSVC\14.42.34430\lib\x86\store\references;C:\Program Files (x86)\Windows Kits\10\UnionMetadata\10.0.22621.0;C:\Program Files (x86)\Windows Kits\10\References\10.0.22621.0;C:\Windows\Microsoft.NET\Framework\v4.0.30319;C:\Program Files\Microsoft Visual Studio\2022\Preview\VC\Tools\MSVC\14.42.34430\ATLMFC\lib\x86;C:\Program Files\Microsoft Visual Studio\2022\Preview\VC\Tools\MSVC\14.42.34430\lib\x86;C:\Program Files\Microsoft Visual Studio\2022\Preview\VC\Tools\MSVC\14.42.34430\lib\x86\store\references;C:\Program Files (x86)\Windows Kits\10\UnionMetadata\10.0.22621.0;C:\Program Files (x86)\Windows Kits\10\References\10.0.22621.0;C:\Windows\Microsoft.NET\Framework\v4.0.30319
LOCALAPPDATA=C:\Users\Shtekata\AppData\Local
LOGONSERVER=\\SHTEKATA
MSBuildLoadMicrosoftTargetsReadOnly=true
NETFXSDKDir=C:\Program Files (x86)\Windows Kits\NETFXSDK\4.8\
NODE_OPTIONS=
NUMBER_OF_PROCESSORS=12
OneDrive=C:\Users\Shtekata\OneDrive
OneDriveConsumer=C:\Users\Shtekata\OneDrive
OS=Windows_NT
Path=C:\Program Files\Microsoft Visual Studio\2022\Preview\VC\Tools\MSVC\14.42.34430\bin\HostX86\x86;C:\Program Files\Microsoft Visual Studio\2022\Preview\Common7\IDE\VC\VCPackages;C:\Program Files\Microsoft Visual Studio\2022\Preview\Common7\IDE\CommonExtensions\Microsoft\TestWindow;C:\Program Files\Microsoft Visual Studio\2022\Preview\Common7\IDE\CommonExtensions\Microsoft\TeamFoundation\Team Explorer;C:\Program Files\Microsoft Visual Studio\2022\Preview\MSBuild\Current\bin\Roslyn;C:\Program Files (x86)\Microsoft SDKs\Windows\v10.0A\bin\NETFX 4.8 Tools\;C:\Program Files\Microsoft Visual Studio\2022\Preview\Team Tools\DiagnosticsHub\Collector;C:\Program Files (x86)\Windows Kits\10\bin\10.0.22621.0\\x86;C:\Program Files (x86)\Windows Kits\10\bin\\x86;C:\Program Files\Microsoft Visual Studio\2022\Preview\\MSBuild\Current\Bin\amd64;C:\Windows\Microsoft.NET\Framework\v4.0.30319;C:\Program Files\Microsoft Visual Studio\2022\Preview\Common7\IDE\;C:\Program Files\Microsoft Visual Studio\2022\Preview\Common7\Tools\;C:\Program Files\Microsoft Visual Studio\2022\Preview\VC\Tools\MSVC\14.42.34430\bin\HostX86\x86;C:\Program Files\Microsoft Visual Studio\2022\Preview\Common7\IDE\VC\VCPackages;C:\Program Files\Microsoft Visual Studio\2022\Preview\Common7\IDE\CommonExtensions\Microsoft\TestWindow;C:\Program Files\Microsoft Visual Studio\2022\Preview\Common7\IDE\CommonExtensions\Microsoft\TeamFoundation\Team Explorer;C:\Program Files\Microsoft Visual Studio\2022\Preview\MSBuild\Current\bin\Roslyn;C:\Program Files (x86)\Microsoft SDKs\Windows\v10.0A\bin\NETFX 4.8 Tools\;C:\Program Files\Microsoft Visual Studio\2022\Preview\Team Tools\DiagnosticsHub\Collector;C:\Program Files (x86)\Windows Kits\10\bin\10.0.22621.0\\x86;C:\Program Files (x86)\Windows Kits\10\bin\\x86;C:\Program Files\Microsoft Visual Studio\2022\Preview\\MSBuild\Current\Bin\amd64;C:\Windows\Microsoft.NET\Framework\v4.0.30319;C:\Program Files\Microsoft Visual Studio\2022\Preview\Common7\IDE\;C:\Program Files\Microsoft Visual Studio\2022\Preview\Common7\Tools\;C:\Python312\Scripts\;C:\Python312\;C:\WINDOWS\system32;C:\WINDOWS;C:\WINDOWS\System32\Wbem;C:\WINDOWS\System32\WindowsPowerShell\v1.0\;C:\WINDOWS\System32\OpenSSH\;C:\ProgramData\chocolatey\bin;C:\Program Files\Microsoft SQL Server\150\Tools\Binn\;C:\Program Files\Microsoft SQL Server\Client SDK\ODBC\170\Tools\Binn\;C:\Program Files\dotnet\;C:\Tools\zstd-v1.5.6-win64;C:\Program Files\nodejs\;C:\Program Files\PostgreSQL\16\bin;C:\Program Files\Git\cmd;C:\Program Files\Git\mingw64\bin;C:\Program Files (x86)\Windows Kits\10\Windows Performance Toolkit\;C:\Users\Shtekata\AppData\Local\pnpm;C:\Users\Shtekata\AppData\Local\Microsoft\WindowsApps;C:\Users\Shtekata\.dotnet\tools;C:\Users\Shtekata\AppData\Local\Programs\Microsoft VS Code\bin;C:\Program Files (x86)\Nmap;C:\Users\Shtekata\AppData\Roaming\npm;;C:\Program Files\Microsoft Visual Studio\2022\Preview\Common7\IDE\CommonExtensions\Microsoft\CMake\CMake\bin;C:\Program Files\Microsoft Visual Studio\2022\Preview\Common7\IDE\CommonExtensions\Microsoft\CMake\Ninja;C:\Program Files\Microsoft Visual Studio\2022\Preview\Common7\IDE\VC\Linux\bin\ConnectionManagerExe;C:\Program Files\Microsoft Visual Studio\2022\Preview\VC\vcpkg;C:\Program Files\Microsoft Visual Studio\2022\Preview\Common7\IDE\CommonExtensions\Microsoft\CMake\CMake\bin;C:\Program Files\Microsoft Visual Studio\2022\Preview\Common7\IDE\CommonExtensions\Microsoft\CMake\Ninja;C:\Program Files\Microsoft Visual Studio\2022\Preview\Common7\IDE\VC\Linux\bin\ConnectionManagerExe;C:\Program Files\Microsoft Visual Studio\2022\Preview\VC\vcpkg
PATHEXT=.COM;.EXE;.BAT;.CMD;.VBS;.VBE;.JS;.JSE;.WSF;.WSH;.MSC;.PY;.PYW;.CPL
PkgDefApplicationConfigFile=C:\Users\Shtekata\AppData\Local\Microsoft\VisualStudio\17.0_76528ddf\devenv.exe.config
PNPM_HOME=C:\Users\Shtekata\AppData\Local\pnpm
PROCESSOR_ARCHITECTURE=AMD64
PROCESSOR_IDENTIFIER=AMD64 Family 25 Model 68 Stepping 1, AuthenticAMD
PROCESSOR_LEVEL=25
PROCESSOR_REVISION=4401
ProgramData=C:\ProgramData
ProgramFiles=C:\Program Files
ProgramFiles(x86)=C:\Program Files (x86)
ProgramW6432=C:\Program Files
PROMPT=$P$G
PSModulePath=C:\Users\Shtekata\Documents\WindowsPowerShell\Modules;C:\Program Files\WindowsPowerShell\Modules;C:\WINDOWS\system32\WindowsPowerShell\v1.0\Modules
PUBLIC=C:\Users\Public
ServiceHubClientProcessVersion=17.12.35410.144 built by: d17.12
ServiceHubCurrentOsLocale=bg-BG
ServiceHubLocationServicePipeName=31a0ddba7c070a86e837fbb53dfaba9547f02e85ba21d90bba143a98ddfb9da8
ServiceHubLogSessionKey=5B95860B
SESSIONNAME=Console
SystemDrive=C:
SystemRoot=C:\WINDOWS
TEMP=C:\Users\Shtekata\AppData\Local\Temp
ThreadedWaitDialogDpiContext=-4
TMP=C:\Users\Shtekata\AppData\Local\Temp
UCRTVersion=10.0.22621.0
UniversalCRTSdkDir=C:\Program Files (x86)\Windows Kits\10\
USERDOMAIN=SHTEKATA
USERDOMAIN_ROAMINGPROFILE=SHTEKATA
USERNAME=Shtekata
USERPROFILE=C:\Users\Shtekata
VCIDEInstallDir=C:\Program Files\Microsoft Visual Studio\2022\Preview\Common7\IDE\VC\
VCINSTALLDIR=C:\Program Files\Microsoft Visual Studio\2022\Preview\VC\
VCPKG_ROOT=C:\Program Files\Microsoft Visual Studio\2022\Preview\VC\vcpkg
VCToolsInstallDir=C:\Program Files\Microsoft Visual Studio\2022\Preview\VC\Tools\MSVC\14.42.34430\
VCToolsRedistDir=C:\Program Files\Microsoft Visual Studio\2022\Preview\VC\Redist\MSVC\14.42.34430\
VCToolsVersion=14.42.34430
VisualStudioDir=C:\Users\Shtekata\Documents\Visual Studio 2022
VisualStudioEdition=Microsoft Visual Studio Community 2022
VisualStudioVersion=17.0
VS170COMNTOOLS=C:\Program Files\Microsoft Visual Studio\2022\Preview\Common7\Tools\
VSAPPIDDIR=C:\Program Files\Microsoft Visual Studio\2022\Preview\Common7\IDE\
VSAPPIDNAME=devenv.exe
VSCMD_ARG_app_plat=Desktop
VSCMD_ARG_HOST_ARCH=x86
VSCMD_ARG_TGT_ARCH=x86
vscmd_debug=3
VSCMD_VER=17.12.0-pre.3.0
VSINSTALLDIR=C:\Program Files\Microsoft Visual Studio\2022\Preview\
VSLANG=1033
VsPerMonitorDpiAwarenessEnabled.13452=TRUE
VSSKUEDITION=Community
VS_Perf_Session_GCHeapCount=2
WEBVIEW2_DEFAULT_BACKGROUND_COLOR=ffffff
windir=C:\WINDOWS
WindowsLibPath=C:\Program Files (x86)\Windows Kits\10\UnionMetadata\10.0.22621.0;C:\Program Files (x86)\Windows Kits\10\References\10.0.22621.0
WindowsSdkBinPath=C:\Program Files (x86)\Windows Kits\10\bin\
WindowsSdkDir=C:\Program Files (x86)\Windows Kits\10\
WindowsSDKLibVersion=10.0.22621.0\
WindowsSdkVerBinPath=C:\Program Files (x86)\Windows Kits\10\bin\10.0.22621.0\
WindowsSDKVersion=10.0.22621.0\
WindowsSDK_ExecutablePath_x64=C:\Program Files (x86)\Microsoft SDKs\Windows\v10.0A\bin\NETFX 4.8 Tools\x64\
WindowsSDK_ExecutablePath_x86=C:\Program Files (x86)\Microsoft SDKs\Windows\v10.0A\bin\NETFX 4.8 Tools\
__DOTNET_ADD_32BIT=1
__DOTNET_PREFERRED_BITNESS=32
__VSCMD_PREINIT_PATH=C:\Python312\Scripts\;C:\Python312\;C:\WINDOWS\system32;C:\WINDOWS;C:\WINDOWS\System32\Wbem;C:\WINDOWS\System32\WindowsPowerShell\v1.0\;C:\WINDOWS\System32\OpenSSH\;C:\ProgramData\chocolatey\bin;C:\Program Files\Microsoft SQL Server\150\Tools\Binn\;C:\Program Files\Microsoft SQL Server\Client SDK\ODBC\170\Tools\Binn\;C:\Program Files\dotnet\;C:\Tools\zstd-v1.5.6-win64;C:\Program Files\nodejs\;C:\Program Files\PostgreSQL\16\bin;C:\Program Files\Git\cmd;C:\Program Files\Git\mingw64\bin;C:\Program Files (x86)\Windows Kits\10\Windows Performance Toolkit\;C:\Users\Shtekata\AppData\Local\pnpm;C:\Users\Shtekata\AppData\Local\Microsoft\WindowsApps;C:\Users\Shtekata\.dotnet\tools;C:\Users\Shtekata\AppData\Local\Programs\Microsoft VS Code\bin;C:\Program Files (x86)\Nmap;C:\Users\Shtekata\AppData\Roaming\npm;
__VSCMD_PREINIT_VCToolsVersion=14.42.34430
__VSCMD_PREINIT_VS170COMNTOOLS=C:\Program Files\Microsoft Visual Studio\2022\Preview\Common7\Tools\
[DEBUG:VsDevCmd.bat] --------------------- VS Developer Command Prompt Environment [post-init] ---------------------
